Microchip MPLAB XC8 Compiler V1.32 ()

Linker command line:

--edf=C:\Program Files (x86)\Microchip\xc8\v1.32\dat\en_msgs.txt -cs \
  -h+dist/default/production\Padrick_PIC16F1789.X.production.sym \
  --cmf=dist/default/production\Padrick_PIC16F1789.X.production.cmf -z \
  -Q16F1789 -oC:\Users\Florian\AppData\Local\Temp\sk50.6 \
  -Mdist/default/production/Padrick_PIC16F1789.X.production.map -E1 \
  -ver=XC8 -ASTACK=02320h-027efh -pstack=STACK -ACONST=00h-0FFhx64 \
  -ACODE=00h-07FFhx8 -ASTRCODE=00h-03FFFh -AENTRY=00h-0FFhx64 \
  -ASTRING=00h-0FFhx64 -ACOMMON=070h-07Fh -ABANK0=020h-06Fh \
  -ABANK1=0A0h-0EFh -ABANK2=0120h-016Fh -ABANK3=01A0h-01EFh \
  -ABANK4=0220h-026Fh -ABANK5=02A0h-02EFh -ABANK6=0320h-036Fh \
  -ABANK7=03A0h-03EFh -ABANK8=0420h-046Fh -ABANK9=04A0h-04EFh \
  -ABANK10=0520h-056Fh -ABANK11=05A0h-05EFh -ABANK12=0620h-066Fh \
  -ABANK13=06A0h-06EFh -ABANK14=0720h-076Fh -ABANK15=07A0h-07EFh \
  -ABANK16=0820h-086Fh -ABANK17=08A0h-08EFh -ABANK18=0920h-096Fh \
  -ABANK19=09A0h-09EFh -ABANK20=0A20h-0A6Fh -ABANK21=0AA0h-0AEFh \
  -ABANK22=0B20h-0B6Fh -ABANK23=0BA0h-0BEFh -ABANK24=0C20h-0C6Fh \
  -ABANK25=0CA0h-0CBFh -ABIGRAM=02000h-027EFh \
  -ARAM=020h-06Fh,0A0h-0EFh,0120h-016Fh,01A0h-01EFh,0220h-026Fh,02A0h-02EFh,0320h-036Fh,03A0h-03EFh,0420h-046Fh,04A0h-04EFh,0520h-056Fh,05A0h-05EFh,0620h-066Fh,06A0h-06EFh,0720h-076Fh,07A0h-07EFh,0820h-086Fh,08A0h-08EFh,0920h-096Fh,09A0h-09EFh,0A20h-0A6Fh,0AA0h-0AEFh,0B20h-0B6Fh,0BA0h-0BEFh,0C20h-0C6Fh,0CA0h-0CBFh \
  -AABS1=020h-07Fh,0A0h-0EFh,0120h-016Fh,01A0h-01EFh,0220h-026Fh,02A0h-02EFh,0320h-036Fh,03A0h-03EFh,0420h-046Fh,04A0h-04EFh,0520h-056Fh,05A0h-05EFh,0620h-066Fh,06A0h-06EFh,0720h-076Fh,07A0h-07EFh,0820h-086Fh,08A0h-08EFh,0920h-096Fh,09A0h-09EFh,0A20h-0A6Fh,0AA0h-0AEFh,0B20h-0B6Fh,0BA0h-0BEFh,0C20h-0C6Fh,0CA0h-0CBFh \
  -ASFR0=00h-01Fh -ASFR1=080h-09Fh -ASFR2=0100h-011Fh -ASFR3=0180h-019Fh \
  -ASFR4=0200h-021Fh -ASFR5=0280h-029Fh -ASFR6=0300h-031Fh \
  -ASFR7=0380h-039Fh -ASFR8=0400h-041Fh -ASFR9=0480h-049Fh \
  -ASFR10=0500h-051Fh -ASFR11=0580h-059Fh -ASFR12=0600h-061Fh \
  -ASFR13=0680h-069Fh -ASFR14=0700h-071Fh -ASFR15=0780h-079Fh \
  -ASFR16=0800h-081Fh -ASFR17=0880h-089Fh -ASFR18=0900h-091Fh \
  -ASFR19=0980h-099Fh -ASFR20=0A00h-0A1Fh -ASFR21=0A80h-0A9Fh \
  -ASFR22=0B00h-0B1Fh -ASFR23=0B80h-0B9Fh -ASFR24=0C00h-0C1Fh \
  -ASFR25=0C80h-0C9Fh -ASFR26=0D00h-0D6Fh -ASFR27=0D80h-0DEFh \
  -ASFR28=0E00h-0E6Fh -ASFR29=0E80h-0EEFh -ASFR30=0F00h-0F6Fh \
  -ASFR31=0F80h-0FEFh -preset_vec=00h,intentry=04h,init,end_init \
  -ppowerup=CODE -pcinit=CODE -pfunctab=CODE -ACONFIG=08007h-08008h \
  -pconfig=CONFIG -DCONFIG=2 -AIDLOC=08000h-08003h -pidloc=IDLOC -DIDLOC=2 \
  -AEEDATA=00h-0FFh/0F000h -peeprom_data=EEDATA -DEEDATA=2 -DCODE=2 \
  -DSTRCODE=2 -DSTRING=2 -DCONST=2 -DENTRY=2 -k \
  C:\Users\Florian\AppData\Local\Temp\sk50.obj \
  dist/default/production\Padrick_PIC16F1789.X.production.obj 

Object code version is 3.11

Machine type is 16F1789



                Name                               Link     Load   Length Selector   Space Scale
C:\Users\Florian\AppData\Local\Temp\sk50.obj
                end_init                             E8       E8        2        8       0
                reset_vec                             0        0        2        0       0
                config                             8007     8007        2    1000E       0
dist/default/production\Padrick_PIC16F1789.X.production.obj
                cinit                                EA       EA       33        8       0
                intentry                              4        4       E4        8       0
                text100                            1F3F     1F3F       60     3E7E       0
                text99                             25EB     25EB       14     4BD6       0
                text98                              E75      E75       C3     1CEA       0
                text97                             1A55     1A55       35     34AA       0
                text96                             1BF0     1BF0       44     37E0       0
                text95                             257E     257E        9     4AFC       0
                text94                             2587     2587        9     4B0E       0
                text93                             2656     2656       18     4CAC       0
                text92                             1995     1995       2F     332A       0
                text91                             193D     193D       2B     327A       0
                text90                              95F      95F       B4     12BE       0
                text89                             152F     152F       87     2A5E       0
                text88                             1A8A     1A8A       36     3514       0
                text87                             25D8     25D8       13     4BB0       0
                text86                             16C4     16C4       9C     2D88       0
                text85                             12A5     12A5       7C     254A       0
                text84                             2760     2760       20     4EC0       0
                text83                             266E     266E       18     4CDC       0
                text82                             1017     1017       68     202E       0
                text81                             2780     2780       20     4F00       0
                text80                             2590     2590        9     4B20       0
                text79                             2599     2599        9     4B32       0
                text78                             25A2     25A2        9     4B44       0
                text77                             2628     2628       17     4C50       0
                text76                             27A0     27A0       20     4F40       0
                text75                             2686     2686       1A     4D0C       0
                text74                              4CA      4CA       F6        8       0
                text73                              80D      80D       A9     101A       0
                text72                             26A0     26A0       1A     4D40       0
                text71                              11D      11D      17E        8       0
                text70                             19F3     19F3       31     33E6       0
                text69                             1E22     1E22       5F     3C44       0
                text68                             1E81     1E81       5F     3D02       0
                text67                             25AB     25AB        9     4B56       0
                text66                              AC9      AC9       B9     1592       0
                text65                              B82      B82       B9     1704       0
                text64                             107F     107F       69     20FE       0
                text63                             1D70     1D70       59     3AE0       0
                text62                             1DC9     1DC9       59     3B92       0
                text61                             1EE0     1EE0       5F     3DC0       0
                text60                             1C78     1C78       50     38F0       0
                text59                              C3B      C3B       BC     1876       0
                text58                             1AC0     1AC0       3C     3580       0
                text57                             1760     1760       A0     2EC0       0
                text56                             1CC8     1CC8       54     3990       0
                text55                             2725     2725       1D     4E4A       0
                text54                              5C0      5C0       E1        8       0
                text53                             15B6     15B6       87     2B6C       0
                text52                             1876     1876       26     30EC       0
                text51                             1C34     1C34       44     3868       0
                text50                             1321     1321       82     2642       0
                text49                             10E8     10E8       6E     21D0       0
                text48                             189C     189C       26     3138       0
                text47                              DB3      DB3       C2     1B66       0
                text46                              29B      29B      139        8       0
                text45                             1A24     1A24       31     3448       0
                text44                             25FF     25FF       14     4BFE       0
                text43                             1AFC     1AFC       3C     35F8       0
                text42                             1425     1425       85     284A       0
                text41                             14AA     14AA       85     2954       0
                text40                             1234     1234       71     2468       0
                text39                             18E9     18E9       2A     31D2       0
                text37                             1F9F     1F9F       61     3F3E       0
                text36                              3D4      3D4       F6        8       0
                text35                              8B6      8B6       A9     116C       0
                text34                             1B38     1B38       3C     3670       0
                text33                             26EE     26EE       1B     4DDC       0
                text32                             2613     2613       15     4C26       0
                text31                             163D     163D       87     2C7A       0
                text30                              769      769       87        8       0
                text29                             11C4     11C4       70     2388       0
                text28                             1D1C     1D1C       54     3A38       0
                text27                             2742     2742       1E     4E84       0
                text26                              CF7      CF7       BC     19EE       0
                text25                              F38      F38       C8     1E70       0
                text24                             26BA     26BA       1A     4D74       0
                text23                             26D4     26D4       1A     4DA8       0
                text22                             13A3     13A3       82     2746       0
                text21                             1156     1156       6E     22AC       0
                text20                             18C2     18C2       27     3184       0
                text19                              A13      A13       B6     1426       0
                text18                             2709     2709       1C     4E12       0
                text17                             1B74     1B74       3D     36E8       0
                text16                             25B4     25B4        9     4B68       0
                text15                             25BD     25BD        9     4B7A       0
                text14                             25C6     25C6        9     4B8C       0
                text13                             263F     263F       17     4C7E       0
                text12                             182F     182F       22     305E       0
                text11                             25CF     25CF        9     4B9E       0
                text10                             1806     1806        9     300C       0
                text9                              1000     1000       17     1E70       0
                text8                              27C0     27C0       20     4F80       0
                text7                              27E0     27E0       20     4FC0       0
                text6                              19C4     19C4       2F     3388       0
                text5                               800      800        D     1000       0
                text4                              180F     180F       20     301E       0
                text3                              1913     1913       2A     3226       0
                text2                               6A1      6A1       C8        8       0
                text1                              1BB1     1BB1       3F     3762       0
                maintext                           1968     1968       2D     32D0       0
                cstackBANK0                          20       20       50       20       1
                cstackCOMMON                         70       70        E       70       1
                cstackBANK1                          A0       A0       2D       A0       1
                cstackBANK3                         1C0      1C0        5      1A0       1
                inittext                           2578     2578        6     4AF0       0
                clrtext                            1800     1800        6     2EC0       0
                bssBANK3                            1A0      1A0       20      1A0       1
                dataBANK2                           147      147       25      120       1
                bssBANK2                            120      120       27      120       1
                dataBANK1                            DD       DD        E       A0       1
                bssBANK1                             CD       CD       10       A0       1
                idataBANK2                         1851     1851       25     30A2       0
                idataBANK1                          7F0      7F0        E        8       0

TOTAL           Name                               Link     Load   Length     Space
        CLASS   STACK          

        CLASS   CONST          

        CLASS   CODE           
                end_init                             E8       E8        2         0
                cinit                                EA       EA       33         0
                intentry                              4        4       E4         0
                reset_vec                             0        0        2         0
                text100                            1F3F     1F3F       60         0
                text99                             25EB     25EB       14         0
                text98                              E75      E75       C3         0
                text97                             1A55     1A55       35         0
                text96                             1BF0     1BF0       44         0
                text95                             257E     257E        9         0
                text94                             2587     2587        9         0
                text93                             2656     2656       18         0
                text92                             1995     1995       2F         0
                text91                             193D     193D       2B         0
                text90                              95F      95F       B4         0
                text89                             152F     152F       87         0
                text88                             1A8A     1A8A       36         0
                text87                             25D8     25D8       13         0
                text86                             16C4     16C4       9C         0
                text85                             12A5     12A5       7C         0
                text84                             2760     2760       20         0
                text83                             266E     266E       18         0
                text82                             1017     1017       68         0
                text81                             2780     2780       20         0
                text80                             2590     2590        9         0
                text79                             2599     2599        9         0
                text78                             25A2     25A2        9         0
                text77                             2628     2628       17         0
                text76                             27A0     27A0       20         0
                text75                             2686     2686       1A         0
                text74                              4CA      4CA       F6         0
                text73                              80D      80D       A9         0
                text72                             26A0     26A0       1A         0
                text71                              11D      11D      17E         0
                text70                             19F3     19F3       31         0
                text69                             1E22     1E22       5F         0
                text68                             1E81     1E81       5F         0
                text67                             25AB     25AB        9         0
                text66                              AC9      AC9       B9         0
                text65                              B82      B82       B9         0
                text64                             107F     107F       69         0
                text63                             1D70     1D70       59         0
                text62                             1DC9     1DC9       59         0
                text61                             1EE0     1EE0       5F         0
                text60                             1C78     1C78       50         0
                text59                              C3B      C3B       BC         0
                text58                             1AC0     1AC0       3C         0
                text57                             1760     1760       A0         0
                text56                             1CC8     1CC8       54         0
                text55                             2725     2725       1D         0
                text54                              5C0      5C0       E1         0
                text53                             15B6     15B6       87         0
                text52                             1876     1876       26         0
                text51                             1C34     1C34       44         0
                text50                             1321     1321       82         0
                text49                             10E8     10E8       6E         0
                text48                             189C     189C       26         0
                text47                              DB3      DB3       C2         0
                text46                              29B      29B      139         0
                text45                             1A24     1A24       31         0
                text44                             25FF     25FF       14         0
                text43                             1AFC     1AFC       3C         0
                text42                             1425     1425       85         0
                text41                             14AA     14AA       85         0
                text40                             1234     1234       71         0
                text39                             18E9     18E9       2A         0
                text37                             1F9F     1F9F       61         0
                text36                              3D4      3D4       F6         0
                text35                              8B6      8B6       A9         0
                text34                             1B38     1B38       3C         0
                text33                             26EE     26EE       1B         0
                text32                             2613     2613       15         0
                text31                             163D     163D       87         0
                text30                              769      769       87         0
                text29                             11C4     11C4       70         0
                text28                             1D1C     1D1C       54         0
                text27                             2742     2742       1E         0
                text26                              CF7      CF7       BC         0
                text25                              F38      F38       C8         0
                text24                             26BA     26BA       1A         0
                text23                             26D4     26D4       1A         0
                text22                             13A3     13A3       82         0
                text21                             1156     1156       6E         0
                text20                             18C2     18C2       27         0
                text19                              A13      A13       B6         0
                text18                             2709     2709       1C         0
                text17                             1B74     1B74       3D         0
                text16                             25B4     25B4        9         0
                text15                             25BD     25BD        9         0
                text14                             25C6     25C6        9         0
                text13                             263F     263F       17         0
                text12                             182F     182F       22         0
                text11                             25CF     25CF        9         0
                text10                             1806     1806        9         0
                text9                              1000     1000       17         0
                text8                              27C0     27C0       20         0
                text7                              27E0     27E0       20         0
                text6                              19C4     19C4       2F         0
                text5                               800      800        D         0
                text4                              180F     180F       20         0
                text3                              1913     1913       2A         0
                text2                               6A1      6A1       C8         0
                text1                              1BB1     1BB1       3F         0
                maintext                           1968     1968       2D         0
                inittext                           2578     2578        6         0
                clrtext                            1800     1800        6         0
                idataBANK2                         1851     1851       25         0
                idataBANK1                          7F0      7F0        E         0

        CLASS   STRCODE        

        CLASS   ENTRY          

        CLASS   STRING         

        CLASS   COMMON         
                cstackCOMMON                         70       70        E         1

        CLASS   BANK0          
                cstackBANK0                          20       20       50         1

        CLASS   BANK1          
                cstackBANK1                          A0       A0       2D         1
                dataBANK1                            DD       DD        E         1
                bssBANK1                             CD       CD       10         1

        CLASS   BANK2          
                dataBANK2                           147      147       25         1
                bssBANK2                            120      120       27         1

        CLASS   BANK3          
                cstackBANK3                         1C0      1C0        5         1
                bssBANK3                            1A0      1A0       20         1

        CLASS   BANK4          

        CLASS   BANK5          

        CLASS   BANK6          

        CLASS   BANK7          

        CLASS   BANK8          

        CLASS   BANK9          

        CLASS   BANK10         

        CLASS   BANK11         

        CLASS   BANK12         

        CLASS   BANK13         

        CLASS   BANK14         

        CLASS   BANK15         

        CLASS   BANK16         

        CLASS   BANK17         

        CLASS   BANK18         

        CLASS   BANK19         

        CLASS   BANK20         

        CLASS   BANK21         

        CLASS   BANK22         

        CLASS   BANK23         

        CLASS   BANK24         

        CLASS   BANK25         

        CLASS   BIGRAM         

        CLASS   RAM            

        CLASS   ABS1           
                abs_s1                               7E       7E        2         1

        CLASS   SFR0           

        CLASS   SFR1           

        CLASS   SFR2           

        CLASS   SFR3           

        CLASS   SFR4           

        CLASS   SFR5           

        CLASS   SFR6           

        CLASS   SFR7           

        CLASS   SFR8           

        CLASS   SFR9           

        CLASS   SFR10          

        CLASS   SFR11          

        CLASS   SFR12          

        CLASS   SFR13          

        CLASS   SFR14          

        CLASS   SFR15          

        CLASS   SFR16          

        CLASS   SFR17          

        CLASS   SFR18          

        CLASS   SFR19          

        CLASS   SFR20          

        CLASS   SFR21          

        CLASS   SFR22          

        CLASS   SFR23          

        CLASS   SFR24          

        CLASS   SFR25          

        CLASS   SFR26          

        CLASS   SFR27          

        CLASS   SFR28          

        CLASS   SFR29          

        CLASS   SFR30          

        CLASS   SFR31          

        CLASS   CONFIG         
                config                             8007     8007        2         0

        CLASS   IDLOC          

        CLASS   EEDATA         

        CLASS   BANK31         

        CLASS   BANK30         

        CLASS   BANK29         

        CLASS   BANK28         

        CLASS   BANK27         

        CLASS   BANK26         



SEGMENTS        Name                           Load    Length   Top    Selector   Space  Class     Delta

                reset_vec                      000000  000002  000002         0       0  CODE        2
                intentry                       000004  0007FA  0007FE         8       0  CODE        2
                cstackBANK0                    000020  000050  000070        20       1  BANK0       1
                cstackCOMMON                   000070  00000E  00007E        70       1  COMMON      1
                cstackBANK1                    0000A0  00004B  0000EB        A0       1  BANK1       1
                bssBANK2                       000120  00004C  00016C       120       1  BANK2       1
                bssBANK3                       0001A0  000025  0001C5       1A0       1  BANK3       1
                text5                          000800  00000D  00080D      1000       0  CODE        2
                text73                         00080D  0000A9  0008B6      101A       0  CODE        2
                text35                         0008B6  0000A9  00095F      116C       0  CODE        2
                text90                         00095F  0000B4  000A13      12BE       0  CODE        2
                text19                         000A13  0000B6  000AC9      1426       0  CODE        2
                text66                         000AC9  0000B9  000B82      1592       0  CODE        2
                text65                         000B82  0000B9  000C3B      1704       0  CODE        2
                text59                         000C3B  0000BC  000CF7      1876       0  CODE        2
                text26                         000CF7  0000BC  000DB3      19EE       0  CODE        2
                text47                         000DB3  0000C2  000E75      1B66       0  CODE        2
                text98                         000E75  0000C3  000F38      1CEA       0  CODE        2
                text25                         000F38  0000DF  001017      1E70       0  CODE        2
                text82                         001017  000068  00107F      202E       0  CODE        2
                text64                         00107F  000069  0010E8      20FE       0  CODE        2
                text49                         0010E8  00006E  001156      21D0       0  CODE        2
                text21                         001156  00006E  0011C4      22AC       0  CODE        2
                text29                         0011C4  000070  001234      2388       0  CODE        2
                text40                         001234  000071  0012A5      2468       0  CODE        2
                text85                         0012A5  00007C  001321      254A       0  CODE        2
                text50                         001321  000082  0013A3      2642       0  CODE        2
                text22                         0013A3  000082  001425      2746       0  CODE        2
                text42                         001425  000085  0014AA      284A       0  CODE        2
                text41                         0014AA  000085  00152F      2954       0  CODE        2
                text89                         00152F  000087  0015B6      2A5E       0  CODE        2
                text53                         0015B6  000087  00163D      2B6C       0  CODE        2
                text31                         00163D  000087  0016C4      2C7A       0  CODE        2
                text86                         0016C4  00009C  001760      2D88       0  CODE        2
                text57                         001760  0000A6  001806      2EC0       0  CODE        2
                text10                         001806  000009  00180F      300C       0  CODE        2
                text4                          00180F  000020  00182F      301E       0  CODE        2
                text12                         00182F  000022  001851      305E       0  CODE        2
                idataBANK2                     001851  000025  001876      30A2       0  CODE        2
                text52                         001876  000026  00189C      30EC       0  CODE        2
                text48                         00189C  000026  0018C2      3138       0  CODE        2
                text20                         0018C2  000027  0018E9      3184       0  CODE        2
                text39                         0018E9  00002A  001913      31D2       0  CODE        2
                text3                          001913  00002A  00193D      3226       0  CODE        2
                text91                         00193D  00002B  001968      327A       0  CODE        2
                maintext                       001968  00002D  001995      32D0       0  CODE        2
                text92                         001995  00002F  0019C4      332A       0  CODE        2
                text6                          0019C4  00002F  0019F3      3388       0  CODE        2
                text70                         0019F3  000031  001A24      33E6       0  CODE        2
                text45                         001A24  000031  001A55      3448       0  CODE        2
                text97                         001A55  000035  001A8A      34AA       0  CODE        2
                text88                         001A8A  000036  001AC0      3514       0  CODE        2
                text58                         001AC0  00003C  001AFC      3580       0  CODE        2
                text43                         001AFC  00003C  001B38      35F8       0  CODE        2
                text34                         001B38  00003C  001B74      3670       0  CODE        2
                text17                         001B74  00003D  001BB1      36E8       0  CODE        2
                text1                          001BB1  00003F  001BF0      3762       0  CODE        2
                text96                         001BF0  000044  001C34      37E0       0  CODE        2
                text51                         001C34  000044  001C78      3868       0  CODE        2
                text60                         001C78  000050  001CC8      38F0       0  CODE        2
                text56                         001CC8  000054  001D1C      3990       0  CODE        2
                text28                         001D1C  000054  001D70      3A38       0  CODE        2
                text63                         001D70  000059  001DC9      3AE0       0  CODE        2
                text62                         001DC9  000059  001E22      3B92       0  CODE        2
                text69                         001E22  00005F  001E81      3C44       0  CODE        2
                text68                         001E81  00005F  001EE0      3D02       0  CODE        2
                text61                         001EE0  00005F  001F3F      3DC0       0  CODE        2
                text100                        001F3F  000060  001F9F      3E7E       0  CODE        2
                text37                         001F9F  000061  002000      3F3E       0  CODE        2
                inittext                       002578  000006  00257E      4AF0       0  CODE        2
                text95                         00257E  000009  002587      4AFC       0  CODE        2
                text94                         002587  000009  002590      4B0E       0  CODE        2
                text80                         002590  000009  002599      4B20       0  CODE        2
                text79                         002599  000009  0025A2      4B32       0  CODE        2
                text78                         0025A2  000009  0025AB      4B44       0  CODE        2
                text67                         0025AB  000009  0025B4      4B56       0  CODE        2
                text16                         0025B4  000009  0025BD      4B68       0  CODE        2
                text15                         0025BD  000009  0025C6      4B7A       0  CODE        2
                text14                         0025C6  000009  0025CF      4B8C       0  CODE        2
                text11                         0025CF  000009  0025D8      4B9E       0  CODE        2
                text87                         0025D8  000013  0025EB      4BB0       0  CODE        2
                text99                         0025EB  000014  0025FF      4BD6       0  CODE        2
                text44                         0025FF  000014  002613      4BFE       0  CODE        2
                text32                         002613  000015  002628      4C26       0  CODE        2
                text77                         002628  000017  00263F      4C50       0  CODE        2
                text13                         00263F  000017  002656      4C7E       0  CODE        2
                text93                         002656  000018  00266E      4CAC       0  CODE        2
                text83                         00266E  000018  002686      4CDC       0  CODE        2
                text75                         002686  00001A  0026A0      4D0C       0  CODE        2
                text72                         0026A0  00001A  0026BA      4D40       0  CODE        2
                text24                         0026BA  00001A  0026D4      4D74       0  CODE        2
                text23                         0026D4  00001A  0026EE      4DA8       0  CODE        2
                text33                         0026EE  00001B  002709      4DDC       0  CODE        2
                text18                         002709  00001C  002725      4E12       0  CODE        2
                text55                         002725  00001D  002742      4E4A       0  CODE        2
                text27                         002742  00001E  002760      4E84       0  CODE        2
                text84                         002760  000020  002780      4EC0       0  CODE        2
                text81                         002780  000020  0027A0      4F00       0  CODE        2
                text76                         0027A0  000020  0027C0      4F40       0  CODE        2
                text8                          0027C0  000020  0027E0      4F80       0  CODE        2
                text7                          0027E0  000020  002800      4FC0       0  CODE        2
                config                         008007  000002  008009     1000E       0  CONFIG      2


UNUSED ADDRESS RANGES

        Name                Unused          Largest block    Delta
        BANK1            000EB-000EF               5           1
        BANK10           00520-0056F              50           1
        BANK11           005A0-005EF              50           1
        BANK12           00620-0066F              50           1
        BANK13           006A0-006EF              50           1
        BANK14           00720-0076F              50           1
        BANK15           007A0-007EF              50           1
        BANK16           00820-0086F              50           1
        BANK17           008A0-008EF              50           1
        BANK18           00920-0096F              50           1
        BANK19           009A0-009EF              50           1
        BANK2            0016C-0016F               4           1
        BANK20           00A20-00A6F              50           1
        BANK21           00AA0-00AEF              50           1
        BANK22           00B20-00B6F              50           1
        BANK23           00BA0-00BEF              50           1
        BANK24           00C20-00C6F              50           1
        BANK25           00CA0-00CBF              20           1
        BANK3            001C5-001EF              2B           1
        BANK4            00220-0026F              50           1
        BANK5            002A0-002EF              50           1
        BANK6            00320-0036F              50           1
        BANK7            003A0-003EF              50           1
        BANK8            00420-0046F              50           1
        BANK9            004A0-004EF              50           1
        BIGRAM           02000-027EF             7F0           1
        CODE             00002-00003               2           2
                         007FE-007FF               2
                         02000-02577             578
                         02800-03FFF             800
        CONST            00002-00003               2           2
                         007FE-007FF               2
                         02000-02577             100
                         02800-03FFF             100
        EEDATA           0F000-0F0FF             100           2
        ENTRY            00002-00003               2           2
                         007FE-007FF               2
                         02000-02577             100
                         02800-03FFF             100
        IDLOC            08000-08003               4           2
        RAM              000EB-000EF               5           1
                         0016C-0016F               4
                         001C5-001EF              2B
                         00220-0026F              50
                         002A0-002EF              50
                         00320-0036F              50
                         003A0-003EF              50
                         00420-0046F              50
                         004A0-004EF              50
                         00520-0056F              50
                         005A0-005EF              50
                         00620-0066F              50
                         006A0-006EF              50
                         00720-0076F              50
                         007A0-007EF              50
                         00820-0086F              50
                         008A0-008EF              50
                         00920-0096F              50
                         009A0-009EF              50
                         00A20-00A6F              50
                         00AA0-00AEF              50
                         00B20-00B6F              50
                         00BA0-00BEF              50
                         00C20-00C6F              50
                         00CA0-00CBF              20
        SFR0             00000-0001F              20           1
        SFR1             00080-0009F              20           1
        SFR10            00500-0051F              20           1
        SFR11            00580-0059F              20           1
        SFR12            00600-0061F              20           1
        SFR13            00680-0069F              20           1
        SFR14            00700-0071F              20           1
        SFR15            00780-0079F              20           1
        SFR16            00800-0081F              20           1
        SFR17            00880-0089F              20           1
        SFR18            00900-0091F              20           1
        SFR19            00980-0099F              20           1
        SFR2             00100-0011F              20           1
        SFR20            00A00-00A1F              20           1
        SFR21            00A80-00A9F              20           1
        SFR22            00B00-00B1F              20           1
        SFR23            00B80-00B9F              20           1
        SFR24            00C00-00C1F              20           1
        SFR25            00C80-00C9F              20           1
        SFR26            00D00-00D6F              70           1
        SFR27            00D80-00DEF              70           1
        SFR28            00E00-00E6F              70           1
        SFR29            00E80-00EEF              70           1
        SFR3             00180-0019F              20           1
        SFR30            00F00-00F6F              70           1
        SFR31            00F80-00FEF              70           1
        SFR4             00200-0021F              20           1
        SFR5             00280-0029F              20           1
        SFR6             00300-0031F              20           1
        SFR7             00380-0039F              20           1
        SFR8             00400-0041F              20           1
        SFR9             00480-0049F              20           1
        STACK            02320-027EF             4D0           1
        STRCODE          00002-00003               2           2
                         007FE-007FF               2
                         02000-02577             578
                         02800-03FFF            1800
        STRING           00002-00003               2           2
                         007FE-007FF               2
                         02000-02577             100
                         02800-03FFF             100

                                  Symbol Table

?___aldiv                                 cstackBANK1  000AC
?___almod                                 cstackBANK1  000AC
?___awdiv                                 cstackBANK1  000A9
?___ftadd                                 cstackBANK1  000AB
?___ftdiv                                 cstackBANK1  000B3
?___ftmul                                 cstackBANK0  00024
?___ftneg                                 cstackBANK0  00034
?___ftpack                                cstackBANK1  000A3
?___fttol                                 cstackBANK0  00054
?___lbtoft                                cstackBANK1  000AB
?___ltdiv                                 cstackCOMMON 00070
?___lttoft                                cstackCOMMON 00078
?___lwdiv                                 cstackCOMMON 00070
?___lwtoft                                cstackBANK1  000AB
?___tmul                                  cstackBANK1  000A3
?___wmul                                  cstackBANK1  000A3
?i1___aldiv                               cstackBANK0  00020
?i1___almod                               cstackBANK0  00020
?i1___awdiv                               cstackCOMMON 00076
?i1___ftadd                               cstackBANK0  00037
?i1___ftdiv                               cstackBANK0  00044
?i1___ftpack                              cstackCOMMON 00070
?i1___lbtoft                              cstackCOMMON 00078
?i1___lwtoft                              cstackCOMMON 00078
?i1___tmul                                cstackCOMMON 00070
?i1___wmul                                cstackCOMMON 00070
_ACR                                      bssBANK3     001A0
_ADCON0                                   (abs)        0009D
_ADCON1                                   (abs)        0009E
_ADCON2                                   (abs)        0009F
_ADRES                                    (abs)        0009B
_ANSELA                                   (abs)        0018C
_ANSELB                                   (abs)        0018D
_ANSELC                                   (abs)        0018E
_ANSELD                                   (abs)        0018F
_ANSELE                                   (abs)        00190
_BRG16                                    (abs)        00CFB
_BRGH                                     (abs)        00CF2
_C1IE                                     (abs)        00495
_C1IF                                     (abs)        00095
_CCP1CON                                  (abs)        00293
_CCP1SEL                                  (abs)        008EE
_CCP2CON                                  (abs)        0029A
_CCP2SEL                                  (abs)        008E8
_CCPR1L                                   (abs)        00291
_CCPR2L                                   (abs)        00298
_CFGS                                     (abs)        00CAE
_CM1CON0                                  (abs)        00111
_CM1CON1                                  (abs)        00112
_CR                                       bssBANK3     001B0
_CREN                                     (abs)        00CEC
_DAC1CON0                                 (abs)        00118
_DAC1CON1                                 (abs)        00119
_DS2740_communication                     text71       0011D
_EEADRL                                   (abs)        00191
_EECON2                                   (abs)        00196
_EEDATL                                   (abs)        00193
_EEIF                                     (abs)        00094
_EEPGD                                    (abs)        00CAF
_FVRCON                                   (abs)        00117
_GIE                                      (abs)        0005F
_GO_nDONE                                 (abs)        004E9
_IOCCFbits                                (abs)        00399
_IOCCNbits                                (abs)        00398
_IOCIE                                    (abs)        0005B
_Initialization_DS2740                    text13       0263F
_LATAbits                                 (abs)        0010C
_LATCbits                                 (abs)        0010E
_LATDbits                                 (abs)        0010F
_OPTION_REGbits                           (abs)        00095
_OSCCON                                   (abs)        00099
_PEIE                                     (abs)        0005E
_PORTA                                    (abs)        0000C
_PORTB                                    (abs)        0000D
_PORTC                                    (abs)        0000E
_PORTD                                    (abs)        0000F
_PORTE                                    (abs)        00010
_PR2                                      (abs)        0001B
_RC4                                      (abs)        00074
_RC5                                      (abs)        00075
_RCIE                                     (abs)        0048D
_RCIF                                     (abs)        0008D
_RCREG                                    (abs)        00199
_RD                                       (abs)        00CA8
_RD2                                      (abs)        0007A
_RD3                                      (abs)        0007B
_RD5                                      (abs)        0007D
_SPBRG                                    (abs)        0019B
_SPEN                                     (abs)        00CEF
_SYNC                                     (abs)        00CF4
_T1CON                                    (abs)        00018
_T2CON                                    (abs)        0001C
_TMR0                                     (abs)        00015
_TMR0CS                                   (abs)        004AD
_TMR0IE                                   (abs)        0005D
_TMR0IF                                   (abs)        0005A
_TMR1                                     (abs)        00016
_TMR10s                                   bssBANK2     0012C
_TMR1IF                                   (abs)        00088
_TMR1ON                                   (abs)        000C0
_TMR1s                                    bssBANK2     0012E
_TMR2IF                                   (abs)        00089
_TMR5s                                    bssBANK2     00130
_TMR_before_reverse                       bssBANK2     00132
_TRISA                                    (abs)        0008C
_TRISB                                    (abs)        0008D
_TRISC                                    (abs)        0008E
_TRISCbits                                (abs)        0008E
_TRISD                                    (abs)        0008F
_TRISDbits                                (abs)        0008F
_TRISE                                    (abs)        00090
_TXEN                                     (abs)        00CF5
_TXIF                                     (abs)        0008C
_TXREG                                    (abs)        0019A
_WR                                       (abs)        00CA9
_WREN                                     (abs)        00CAA
__CFG_BOREN$OFF                           (abs)        00000
__CFG_BORV$LO                             (abs)        00000
__CFG_CLKOUTEN$OFF                        (abs)        00000
__CFG_CP$OFF                              (abs)        00000
__CFG_CPD$OFF                             (abs)        00000
__CFG_FCMEN$OFF                           (abs)        00000
__CFG_FOSC$INTOSC                         (abs)        00000
__CFG_IESO$OFF                            (abs)        00000
__CFG_LPBOR$OFF                           (abs)        00000
__CFG_LVP$OFF                             (abs)        00000
__CFG_MCLRE$ON                            (abs)        00000
__CFG_PLLEN$OFF                           (abs)        00000
__CFG_PWRTE$OFF                           (abs)        00000
__CFG_STVREN$OFF                          (abs)        00000
__CFG_VCAPEN$OFF                          (abs)        00000
__CFG_WDTE$OFF                            (abs)        00000
__CFG_WRT$OFF                             (abs)        00000
__Habs1                                   abs1         00000
__Hbank0                                  bank0        00000
__Hbank1                                  bank1        00000
__Hbank10                                 bank10       00000
__Hbank11                                 bank11       00000
__Hbank12                                 bank12       00000
__Hbank13                                 bank13       00000
__Hbank14                                 bank14       00000
__Hbank15                                 bank15       00000
__Hbank16                                 bank16       00000
__Hbank17                                 bank17       00000
__Hbank18                                 bank18       00000
__Hbank19                                 bank19       00000
__Hbank2                                  bank2        00000
__Hbank20                                 bank20       00000
__Hbank21                                 bank21       00000
__Hbank22                                 bank22       00000
__Hbank23                                 bank23       00000
__Hbank24                                 bank24       00000
__Hbank25                                 bank25       00000
__Hbank26                                 bank26       00000
__Hbank27                                 bank27       00000
__Hbank28                                 bank28       00000
__Hbank29                                 bank29       00000
__Hbank3                                  bank3        00000
__Hbank30                                 bank30       00000
__Hbank31                                 bank31       00000
__Hbank4                                  bank4        00000
__Hbank5                                  bank5        00000
__Hbank6                                  bank6        00000
__Hbank7                                  bank7        00000
__Hbank8                                  bank8        00000
__Hbank9                                  bank9        00000
__Hbigram                                 bigram       00000
__HbssBANK1                               bssBANK1     00000
__HbssBANK2                               bssBANK2     00000
__HbssBANK3                               bssBANK3     00000
__Hcinit                                  cinit        0011D
__Hclrtext                                clrtext      00000
__Hcode                                   code         00000
__Hcommon                                 common       00000
__Hconfig                                 config       08009
__HcstackBANK0                            cstackBANK0  00000
__HcstackBANK1                            cstackBANK1  00000
__HcstackBANK3                            cstackBANK3  00000
__HcstackCOMMON                           cstackCOMMON 00000
__HdataBANK1                              dataBANK1    00000
__HdataBANK2                              dataBANK2    00000
__Heeprom_data                            eeprom_data  00000
__Hend_init                               end_init     000EA
__Hfunctab                                functab      00000
__HidataBANK1                             idataBANK1   00000
__HidataBANK2                             idataBANK2   00000
__Hidloc                                  idloc        00000
__Hinit                                   init         000E8
__Hinittext                               inittext     00000
__Hintentry                               intentry     000E8
__Hmaintext                               maintext     00000
__Hpowerup                                powerup      00000
__Hram                                    ram          00000
__Hreset_vec                              reset_vec    00002
__Hsfr0                                   sfr0         00000
__Hsfr1                                   sfr1         00000
__Hsfr10                                  sfr10        00000
__Hsfr11                                  sfr11        00000
__Hsfr12                                  sfr12        00000
__Hsfr13                                  sfr13        00000
__Hsfr14                                  sfr14        00000
__Hsfr15                                  sfr15        00000
__Hsfr16                                  sfr16        00000
__Hsfr17                                  sfr17        00000
__Hsfr18                                  sfr18        00000
__Hsfr19                                  sfr19        00000
__Hsfr2                                   sfr2         00000
__Hsfr20                                  sfr20        00000
__Hsfr21                                  sfr21        00000
__Hsfr22                                  sfr22        00000
__Hsfr23                                  sfr23        00000
__Hsfr24                                  sfr24        00000
__Hsfr25                                  sfr25        00000
__Hsfr26                                  sfr26        00000
__Hsfr27                                  sfr27        00000
__Hsfr28                                  sfr28        00000
__Hsfr29                                  sfr29        00000
__Hsfr3                                   sfr3         00000
__Hsfr30                                  sfr30        00000
__Hsfr31                                  sfr31        00000
__Hsfr4                                   sfr4         00000
__Hsfr5                                   sfr5         00000
__Hsfr6                                   sfr6         00000
__Hsfr7                                   sfr7         00000
__Hsfr8                                   sfr8         00000
__Hsfr9                                   sfr9         00000
__Hspace_0                                (abs)        08009
__Hspace_1                                (abs)        001C5
__Hspace_2                                (abs)        00000
__Hspace_3                                (abs)        00000
__Hstack                                  stack        00000
__Hstrings                                strings      00000
__Htext                                   text         00000
__Labs1                                   abs1         00000
__Lbank0                                  bank0        00000
__Lbank1                                  bank1        00000
__Lbank10                                 bank10       00000
__Lbank11                                 bank11       00000
__Lbank12                                 bank12       00000
__Lbank13                                 bank13       00000
__Lbank14                                 bank14       00000
__Lbank15                                 bank15       00000
__Lbank16                                 bank16       00000
__Lbank17                                 bank17       00000
__Lbank18                                 bank18       00000
__Lbank19                                 bank19       00000
__Lbank2                                  bank2        00000
__Lbank20                                 bank20       00000
__Lbank21                                 bank21       00000
__Lbank22                                 bank22       00000
__Lbank23                                 bank23       00000
__Lbank24                                 bank24       00000
__Lbank25                                 bank25       00000
__Lbank26                                 bank26       00000
__Lbank27                                 bank27       00000
__Lbank28                                 bank28       00000
__Lbank29                                 bank29       00000
__Lbank3                                  bank3        00000
__Lbank30                                 bank30       00000
__Lbank31                                 bank31       00000
__Lbank4                                  bank4        00000
__Lbank5                                  bank5        00000
__Lbank6                                  bank6        00000
__Lbank7                                  bank7        00000
__Lbank8                                  bank8        00000
__Lbank9                                  bank9        00000
__Lbigram                                 bigram       00000
__LbssBANK1                               bssBANK1     00000
__LbssBANK2                               bssBANK2     00000
__LbssBANK3                               bssBANK3     00000
__Lcinit                                  cinit        000EA
__Lclrtext                                clrtext      00000
__Lcode                                   code         00000
__Lcommon                                 common       00000
__Lconfig                                 config       08007
__LcstackBANK0                            cstackBANK0  00000
__LcstackBANK1                            cstackBANK1  00000
__LcstackBANK3                            cstackBANK3  00000
__LcstackCOMMON                           cstackCOMMON 00000
__LdataBANK1                              dataBANK1    00000
__LdataBANK2                              dataBANK2    00000
__Leeprom_data                            eeprom_data  00000
__Lend_init                               end_init     000E8
__Lfunctab                                functab      00000
__LidataBANK1                             idataBANK1   00000
__LidataBANK2                             idataBANK2   00000
__Lidloc                                  idloc        00000
__Linit                                   init         000E8
__Linittext                               inittext     00000
__Lintentry                               intentry     00004
__Lmaintext                               maintext     00000
__Lpowerup                                powerup      00000
__Lram                                    ram          00000
__Lreset_vec                              reset_vec    00000
__Lsfr0                                   sfr0         00000
__Lsfr1                                   sfr1         00000
__Lsfr10                                  sfr10        00000
__Lsfr11                                  sfr11        00000
__Lsfr12                                  sfr12        00000
__Lsfr13                                  sfr13        00000
__Lsfr14                                  sfr14        00000
__Lsfr15                                  sfr15        00000
__Lsfr16                                  sfr16        00000
__Lsfr17                                  sfr17        00000
__Lsfr18                                  sfr18        00000
__Lsfr19                                  sfr19        00000
__Lsfr2                                   sfr2         00000
__Lsfr20                                  sfr20        00000
__Lsfr21                                  sfr21        00000
__Lsfr22                                  sfr22        00000
__Lsfr23                                  sfr23        00000
__Lsfr24                                  sfr24        00000
__Lsfr25                                  sfr25        00000
__Lsfr26                                  sfr26        00000
__Lsfr27                                  sfr27        00000
__Lsfr28                                  sfr28        00000
__Lsfr29                                  sfr29        00000
__Lsfr3                                   sfr3         00000
__Lsfr30                                  sfr30        00000
__Lsfr31                                  sfr31        00000
__Lsfr4                                   sfr4         00000
__Lsfr5                                   sfr5         00000
__Lsfr6                                   sfr6         00000
__Lsfr7                                   sfr7         00000
__Lsfr8                                   sfr8         00000
__Lsfr9                                   sfr9         00000
__Lspace_0                                (abs)        00000
__Lspace_1                                (abs)        00000
__Lspace_2                                (abs)        00000
__Lspace_3                                (abs)        00000
__Lstack                                  stack        00000
__Lstrings                                strings      00000
__Ltext                                   text         00000
__S0                                      (abs)        08009
__S1                                      (abs)        001C5
__S2                                      (abs)        00000
__S3                                      (abs)        00000
___aldiv                                  text22       013A3
___aldiv@counter                          cstackBANK1  000B5
___aldiv@dividend                         cstackBANK1  000B0
___aldiv@divisor                          cstackBANK1  000AC
___aldiv@quotient                         cstackBANK1  000B7
___aldiv@sign                             cstackBANK1  000B6
___almod                                  text21       01156
___almod@counter                          cstackBANK1  000B5
___almod@dividend                         cstackBANK1  000B0
___almod@divisor                          cstackBANK1  000AC
___almod@sign                             cstackBANK1  000B6
___awdiv                                  text28       01D1C
___awdiv@counter                          cstackBANK1  000AE
___awdiv@dividend                         cstackBANK1  000AB
___awdiv@divisor                          cstackBANK1  000A9
___awdiv@quotient                         cstackBANK1  000B0
___awdiv@sign                             cstackBANK1  000AF
___ftadd                                  text36       003D4
___ftadd@exp1                             cstackBANK1  000B7
___ftadd@exp2                             cstackBANK1  000B6
___ftadd@f1                               cstackBANK1  000AB
___ftadd@f2                               cstackBANK1  000AE
___ftadd@sign                             cstackBANK1  000B5
___ftdiv                                  text35       008B6
___ftdiv@cntr                             cstackBANK1  000BD
___ftdiv@exp                              cstackBANK1  000C1
___ftdiv@f1                               cstackBANK1  000B6
___ftdiv@f2                               cstackBANK1  000B3
___ftdiv@f3                               cstackBANK1  000BE
___ftdiv@sign                             cstackBANK1  000C2
___ftge                                   text34       01B38
___ftge@ff1                               cstackBANK1  000C3
___ftge@ff2                               cstackBANK1  000C6
___ftmul                                  text90       0095F
___ftmul@cntr                             cstackBANK0  00032
___ftmul@exp                              cstackBANK0  0002E
___ftmul@f1                               cstackBANK0  00024
___ftmul@f2                               cstackBANK0  00027
___ftmul@f3_as_product                    cstackBANK0  0002F
___ftmul@sign                             cstackBANK0  00033
___ftneg                                  text67       025AB
___ftneg@f1                               cstackBANK0  00034
___ftpack                                 text37       01F9F
___ftpack@arg                             cstackBANK1  000A3
___ftpack@exp                             cstackBANK1  000A6
___ftpack@sign                            cstackBANK1  000A7
___fttol                                  text89       0152F
___fttol@exp1                             cstackBANK0  00061
___fttol@f1                               cstackBANK0  00054
___fttol@lval                             cstackBANK0  0005D
___fttol@sign1                            cstackBANK0  0005C
___int_sp                                 stack        00000
___latbits                                (abs)        00003
___lbdiv                                  text12       0182F
___lbdiv@counter                          cstackBANK1  000A6
___lbdiv@dividend                         cstackBANK1  000A5
___lbdiv@divisor                          cstackBANK1  000A3
___lbdiv@quotient                         cstackBANK1  000A7
___lbtoft                                 text33       026EE
___lbtoft@c                               cstackBANK1  000B2
___ltdiv                                  text51       01C34
___ltdiv@counter                          cstackCOMMON 0007A
___ltdiv@dividend                         cstackCOMMON 00073
___ltdiv@divisor                          cstackCOMMON 00070
___ltdiv@quotient                         cstackCOMMON 00077
___lttoft                                 text99       025EB
___lttoft@c                               cstackCOMMON 00078
___lwdiv                                  text88       01A8A
___lwdiv@counter                          cstackCOMMON 00077
___lwdiv@dividend                         cstackCOMMON 00072
___lwdiv@divisor                          cstackCOMMON 00070
___lwdiv@quotient                         cstackCOMMON 00075
___lwtoft                                 text32       02613
___lwtoft@c                               cstackBANK1  000AB
___sp                                     stack        00000
___tmul                                   text20       018C2
___tmul@multiplicand                      cstackBANK1  000A6
___tmul@multiplier                        cstackBANK1  000A3
___tmul@product                           cstackBANK1  000A9
___wmul                                   text27       02742
___wmul@multiplicand                      cstackBANK1  000A5
___wmul@multiplier                        cstackBANK1  000A3
___wmul@product                           cstackBANK1  000A7
__end_of_DS2740_communication             text71       0029B
__end_of_Initialization_DS2740            text13       02656
__end_of___aldiv                          text22       01425
__end_of___almod                          text21       011C4
__end_of___awdiv                          text28       01D70
__end_of___ftadd                          text36       004CA
__end_of___ftdiv                          text35       0095F
__end_of___ftge                           text34       01B74
__end_of___ftmul                          text90       00A13
__end_of___ftneg                          text67       025B4
__end_of___ftpack                         text37       02000
__end_of___fttol                          text89       015B6
__end_of___lbdiv                          text12       01851
__end_of___lbtoft                         text33       02709
__end_of___ltdiv                          text51       01C78
__end_of___lttoft                         text99       025FF
__end_of___lwdiv                          text88       01AC0
__end_of___lwtoft                         text32       02628
__end_of___tmul                           text20       018E9
__end_of___wmul                           text27       02760
__end_of__initialization                  cinit        00119
__end_of_all_leds_zero                    text58       01AFC
__end_of_calculate_DS2740                 text86       01760
__end_of_change_bin_to_dec                text85       01321
__end_of_change_dec_to_ascii_send_data    text19       00AC9
__end_of_colder                           text17       01BB1
__end_of_command_adress_0xCC              text8        027E0
__end_of_control_Peltier                  text29       01234
__end_of_cool_Peltier                     text31       016C4
__end_of_count_leds_accumulator           text96       01C34
__end_of_count_leds_temperature           text25       01000
__end_of_delay_10us                       text11       025D8
__end_of_delay_200ms                      text24       026D4
__end_of_delay_450us                      text16       025BD
__end_of_delay_50ms                       text23       026EE
__end_of_delay_720us                      text15       025C6
__end_of_delay_80us                       text14       025CF
__end_of_delay_90us                       text10       0180F
__end_of_flash_led_accumulator            text97       01A8A
__end_of_function_command_read_Data       text84       02780
__end_of_function_command_write_Data      text7        02800
__end_of_heat_Peltier                     text30       007F0
__end_of_init                             text2        00769
__end_of_isr                              intentry     000E8
__end_of_load_value_accumulator           text98       00F38
__end_of_load_value_temperature           text26       00DB3
__end_of_main                             maintext     01995
__end_of_overwrite_DS2740                 text91       01968
__end_of_overwrite_memory_adress_0x10     text6        019F3
__end_of_power_button_debounce            text70       01A24
__end_of_read                             text83       02686
__end_of_read_EEPROM_logo_leds_on         text5        0080D
__end_of_read_data_DS2740                 text75       026A0
__end_of_read_every_ADC                   text60       01CC8
__end_of_read_is1                         text69       01E81
__end_of_read_is2                         text68       01EE0
__end_of_read_liquid_temperature_sensor1  text66       00B82
__end_of_read_liquid_temperature_sensor2  text65       00C3B
__end_of_read_memory_adress_0x0E          text82       0107F
__end_of_read_outside_temperature         text64       010E8
__end_of_read_peltier_element_1           text63       01DC9
__end_of_read_peltier_element_2           text62       01E22
__end_of_read_pumpe                       text61       01F3F
__end_of_restart_system                   text52       0189C
__end_of_select_memory_adress_0x0E        text81       027A0
__end_of_select_memory_adress_0x10        text4        0182F
__end_of_send_out_data                    text46       003D4
__end_of_send_out_set_temperature_liquid  text18       02725
__end_of_show_button_debounce             text45       01A55
__end_of_system_low_power_consumption     text3        0193D
__end_of_system_normal_power_consumption  text53       0163D
__end_of_update_leds_logo                 text57       01800
__end_of_warmer                           text1        01BF0
__end_of_write                            text9        01017
__end_of_write_EEPROM_logo_leds_on        text44       02613
__end_ofi1_Initialization_DS2740          text77       0263F
__end_ofi1___aldiv                        text50       013A3
__end_ofi1___almod                        text49       01156
__end_ofi1___awdiv                        text56       01D1C
__end_ofi1___ftadd                        text74       005C0
__end_ofi1___ftdiv                        text73       008B6
__end_ofi1___ftge                         text43       01B38
__end_ofi1___ftpack                       text100      01F9F
__end_ofi1___lbtoft                       text72       026BA
__end_ofi1___lwtoft                       text87       025EB
__end_ofi1___tmul                         text48       018C2
__end_ofi1___wmul                         text55       02742
__end_ofi1_change_dec_to_ascii_send_data  text47       00E75
__end_ofi1_command_adress_0xCC            text76       027C0
__end_ofi1_control_Peltier                text40       012A5
__end_ofi1_cool_Peltier                   text42       014AA
__end_ofi1_count_leds_temperature         text54       006A1
__end_ofi1_delay_10us                     text95       02587
__end_ofi1_delay_450us                    text80       02599
__end_ofi1_delay_720us                    text79       025A2
__end_ofi1_delay_80us                     text78       025AB
__end_ofi1_delay_90us                     text94       02590
__end_ofi1_heat_Peltier                   text41       0152F
__end_ofi1_load_value_temperature         text59       00CF7
__end_ofi1_overwrite_memory_adress_0x10   text92       019C4
__end_ofi1_system_low_power_consumption   text39       01913
__end_ofi1_write                          text93       0266E
__initialization                          cinit        000EA
__pbssBANK1                               bssBANK1     000CD
__pbssBANK2                               bssBANK2     00120
__pbssBANK3                               bssBANK3     001A0
__pcstackBANK0                            cstackBANK0  00020
__pcstackBANK1                            cstackBANK1  000A0
__pcstackBANK3                            cstackBANK3  001C0
__pcstackCOMMON                           cstackCOMMON 00070
__pdataBANK1                              dataBANK1    000DD
__pdataBANK2                              dataBANK2    00147
__pidataBANK1                             idataBANK1   007F0
__pidataBANK2                             idataBANK2   01851
__pintentry                               intentry     00004
__pmaintext                               maintext     01968
__ptext1                                  text1        01BB1
__ptext10                                 text10       01806
__ptext100                                text100      01F3F
__ptext11                                 text11       025CF
__ptext12                                 text12       0182F
__ptext13                                 text13       0263F
__ptext14                                 text14       025C6
__ptext15                                 text15       025BD
__ptext16                                 text16       025B4
__ptext17                                 text17       01B74
__ptext18                                 text18       02709
__ptext19                                 text19       00A13
__ptext2                                  text2        006A1
__ptext20                                 text20       018C2
__ptext21                                 text21       01156
__ptext22                                 text22       013A3
__ptext23                                 text23       026D4
__ptext24                                 text24       026BA
__ptext25                                 text25       00F38
__ptext26                                 text26       00CF7
__ptext27                                 text27       02742
__ptext28                                 text28       01D1C
__ptext29                                 text29       011C4
__ptext3                                  text3        01913
__ptext30                                 text30       00769
__ptext31                                 text31       0163D
__ptext32                                 text32       02613
__ptext33                                 text33       026EE
__ptext34                                 text34       01B38
__ptext35                                 text35       008B6
__ptext36                                 text36       003D4
__ptext37                                 text37       01F9F
__ptext39                                 text39       018E9
__ptext4                                  text4        0180F
__ptext40                                 text40       01234
__ptext41                                 text41       014AA
__ptext42                                 text42       01425
__ptext43                                 text43       01AFC
[...]
		_read
		i1_write
 This function uses a non-reentrant model


 *************** function i1_delay_10us *****************
 Defined at:
		line 16 in file "Software_Timer_V2.c"
 Parameters:    Size  Location     Type
		None
 Auto vars:     Size  Location     Type
		None
 Return value:  Size  Location     Type
		None               void
 Registers used:
		None
 Tracked objects:
		On entry : 
		On exit  : 
		Unchanged: 
 Data sizes:     COMMON   BANK0   BANK1   BANK2   BANK3   BANK4   BANK5   BANK6   BANK7   BANK8   BANK9  BANK10  BANK11  BANK12  BANK13  BANK14  BANK15  BANK16  BANK17  BANK18  BANK19  BANK20  BANK21  BANK22  BANK23  BANK24  BANK25
      Params:         0       0       0       0       0       0       0       0       0       0       0       0       0       0       0       0       0       0       0       0       0       0       0       0       0       0       0
      Locals:         0       0       0       0       0       0       0       0       0       0       0       0       0       0       0       0       0       0       0       0       0       0       0       0       0       0       0
      Temps:          0       0       0       0       0       0       0       0       0       0       0       0       0       0       0       0       0       0       0       0       0       0       0       0       0       0       0
      Totals:         0       0       0       0       0       0       0       0       0       0       0       0       0       0       0       0       0       0       0       0       0       0       0       0       0       0       0
Total ram usage:        0 bytes
 Hardware stack levels used:    1
 This function calls:
		Nothing
 This function is called by:
		i1_write
 This function uses a non-reentrant model


 *************** function _count_leds_accumulator *****************
 Defined at:
		line 43 in file "WS2812_V3.c"
 Parameters:    Size  Location     Type
		None
 Auto vars:     Size  Location     Type
		None
 Return value:  Size  Location     Type
		None               void
 Registers used:
		wreg, status,2, status,0, pclath, cstack
 Tracked objects:
		On entry : 
		On exit  : 
		Unchanged: 
 Data sizes:     COMMON   BANK0   BANK1   BANK2   BANK3   BANK4   BANK5   BANK6   BANK7   BANK8   BANK9  BANK10  BANK11  BANK12  BANK13  BANK14  BANK15  BANK16  BANK17  BANK18  BANK19  BANK20  BANK21  BANK22  BANK23  BANK24  BANK25
      Params:         0       0       0       0       0       0       0       0       0       0       0       0       0       0       0       0       0       0       0       0       0       0       0       0       0       0       0
      Locals:         0       0       0       0       0       0       0       0       0       0       0       0       0       0       0       0       0       0       0       0       0       0       0       0       0       0       0
      Temps:          1       0       0       0       0       0       0       0       0       0       0       0       0       0       0       0       0       0       0       0       0       0       0       0       0       0       0
      Totals:         1       0       0       0       0       0       0       0       0       0       0       0       0       0       0       0       0       0       0       0       0       0       0       0       0       0       0
Total ram usage:        1 bytes
 Hardware stack levels used:    1
 Hardware stack levels required when called:    2
 This function calls:
		_flash_led_accumulator
		_load_value_accumulator
 This function is called by:
		_DS2740_communication
		_system_normal_power_consumption
		_isr
 This function uses a non-reentrant model


 *************** function _flash_led_accumulator *****************
 Defined at:
		line 173 in file "WS2812_V3.c"
 Parameters:    Size  Location     Type
		None
 Auto vars:     Size  Location     Type
		None
 Return value:  Size  Location     Type
		None               void
 Registers used:
		wreg, status,2, status,0, pclath, cstack
 Tracked objects:
		On entry : 
		On exit  : 
		Unchanged: 
 Data sizes:     COMMON   BANK0   BANK1   BANK2   BANK3   BANK4   BANK5   BANK6   BANK7   BANK8   BANK9  BANK10  BANK11  BANK12  BANK13  BANK14  BANK15  BANK16  BANK17  BANK18  BANK19  BANK20  BANK21  BANK22  BANK23  BANK24  BANK25
      Params:         0       0       0       0       0       0       0       0       0       0       0       0       0       0       0       0       0       0       0       0       0       0       0       0       0       0       0
      Locals:         0       0       0       0       0       0       0       0       0       0       0       0       0       0       0       0       0       0       0       0       0       0       0       0       0       0       0
      Temps:          1       0       0       0       0       0       0       0       0       0       0       0       0       0       0       0       0       0       0       0       0       0       0       0       0       0       0
      Totals:         1       0       0       0       0       0       0       0       0       0       0       0       0       0       0       0       0       0       0       0       0       0       0       0       0       0       0
Total ram usage:        1 bytes
 Hardware stack levels used:    1
 Hardware stack levels required when called:    1
 This function calls:
		_load_value_accumulator
 This function is called by:
		_count_leds_accumulator
 This function uses a non-reentrant model


 *************** function _load_value_accumulator *****************
 Defined at:
		line 76 in file "WS2812_V3.c"
 Parameters:    Size  Location     Type
		None
 Auto vars:     Size  Location     Type
		None
 Return value:  Size  Location     Type
		None               void
 Registers used:
		wreg, status,2, status,0
 Tracked objects:
		On entry : 
		On exit  : 
		Unchanged: 
 Data sizes:     COMMON   BANK0   BANK1   BANK2   BANK3   BANK4   BANK5   BANK6   BANK7   BANK8   BANK9  BANK10  BANK11  BANK12  BANK13  BANK14  BANK15  BANK16  BANK17  BANK18  BANK19  BANK20  BANK21  BANK22  BANK23  BANK24  BANK25
      Params:         0       0       0       0       0       0       0       0       0       0       0       0       0       0       0       0       0       0       0       0       0       0       0       0       0       0       0
      Locals:         0       0       0       0       0       0       0       0       0       0       0       0       0       0       0       0       0       0       0       0       0       0       0       0       0       0       0
      Temps:          1       0       0       0       0       0       0       0       0       0       0       0       0       0       0       0       0       0       0       0       0       0       0       0       0       0       0
      Totals:         1       0       0       0       0       0       0       0       0       0       0       0       0       0       0       0       0       0       0       0       0       0       0       0       0       0       0
Total ram usage:        1 bytes
 Hardware stack levels used:    1
 This function calls:
		Nothing
 This function is called by:
		_all_leds_zero
		_count_leds_accumulator
		_flash_led_accumulator
 This function uses a non-reentrant model


 *************** function ___lttoft *****************
 Defined at:
		line 30 in file "C:\Program Files (x86)\Microchip\xc8\v1.32\sources\common\lttoft.c"
 Parameters:    Size  Location     Type
  c               3    8[COMMON] unsigned um
 Auto vars:     Size  Location     Type
		None
 Return value:  Size  Location     Type
                  3    8[COMMON] float 
 Registers used:
		wreg, status,2, status,0, pclath, cstack
 Tracked objects:
		On entry : 
		On exit  : 
		Unchanged: 
 Data sizes:     COMMON   BANK0   BANK1   BANK2   BANK3   BANK4   BANK5   BANK6   BANK7   BANK8   BANK9  BANK10  BANK11  BANK12  BANK13  BANK14  BANK15  BANK16  BANK17  BANK18  BANK19  BANK20  BANK21  BANK22  BANK23  BANK24  BANK25
      Params:         3       0       0       0       0       0       0       0       0       0       0       0       0       0       0       0       0       0       0       0       0       0       0       0       0       0       0
      Locals:         0       0       0       0       0       0       0       0       0       0       0       0       0       0       0       0       0       0       0       0       0       0       0       0       0       0       0
      Temps:          1       0       0       0       0       0       0       0       0       0       0       0       0       0       0       0       0       0       0       0       0       0       0       0       0       0       0
      Totals:         4       0       0       0       0       0       0       0       0       0       0       0       0       0       0       0       0       0       0       0       0       0       0       0       0       0       0
Total ram usage:        4 bytes
 Hardware stack levels used:    1
 Hardware stack levels required when called:    1
 This function calls:
		i1___ftpack
 This function is called by:
		_DS2740_communication
 This function uses a non-reentrant model


 *************** function i1___ftpack *****************
 Defined at:
		line 62 in file "C:\Program Files (x86)\Microchip\xc8\v1.32\sources\common\float.c"
 Parameters:    Size  Location     Type
  arg             3    0[COMMON] unsigned um
  exp             1    3[COMMON] unsigned char 
  sign            1    4[COMMON] unsigned char 
 Auto vars:     Size  Location     Type
		None
 Return value:  Size  Location     Type
                  3    0[COMMON] float 
 Registers used:
		wreg, status,2, status,0
 Tracked objects:
		On entry : 
		On exit  : 
		Unchanged: 
 Data sizes:     COMMON   BANK0   BANK1   BANK2   BANK3   BANK4   BANK5   BANK6   BANK7   BANK8   BANK9  BANK10  BANK11  BANK12  BANK13  BANK14  BANK15  BANK16  BANK17  BANK18  BANK19  BANK20  BANK21  BANK22  BANK23  BANK24  BANK25
      Params:         5       0       0       0       0       0       0       0       0       0       0       0       0       0       0       0       0       0       0       0       0       0       0       0       0       0       0
      Locals:         0       0       0       0       0       0       0       0       0       0       0       0       0       0       0       0       0       0       0       0       0       0       0       0       0       0       0
      Temps:          3       0       0       0       0       0       0       0       0       0       0       0       0       0       0       0       0       0       0       0       0       0       0       0       0       0       0
      Totals:         8       0       0       0       0       0       0       0       0       0       0       0       0       0       0       0       0       0       0       0       0       0       0       0       0       0       0
Total ram usage:        8 bytes
 Hardware stack levels used:    1
 This function calls:
		Nothing
 This function is called by:
		___ftmul
		___lttoft
		i1___ftadd
		i1___ftdiv
		i1___lbtoft
		i1___lwtoft
 This function uses a non-reentrant model



MODULE INFORMATION

Module		Function		Class		Link	Load	Size
C:\Program Files (x86)\Microchip\xc8\v1.32\sources\common\float.c
		___ftpack      		CODE           	1F9F	0000	97

C:\Program Files (x86)\Microchip\xc8\v1.32\sources\common\float.c estimated size: 97

C:\Program Files (x86)\Microchip\xc8\v1.32\sources\common\lbtoft.c
		___lbtoft      		CODE           	26EE	0000	27

C:\Program Files (x86)\Microchip\xc8\v1.32\sources\common\lbtoft.c estimated size: 27

C:\Program Files (x86)\Microchip\xc8\v1.32\sources\common\ftmul.c
		___ftmul       		CODE           	095F	0000	180

C:\Program Files (x86)\Microchip\xc8\v1.32\sources\common\ftmul.c estimated size: 180

DS2740_V2.c
		_function_comma		CODE           	27E0	0000	32
		_DS2740_communi		CODE           	011D	0000	382
		_read_memory_ad		CODE           	1017	0000	104
		_read          		CODE           	266E	0000	24
		_read_data_DS27		CODE           	2686	0000	26
		_function_comma		CODE           	2760	0000	32
		_command_adress		CODE           	27C0	0000	32
		_overwrite_memo		CODE           	19C4	0000	47
		_Initialization		CODE           	263F	0000	23
		_overwrite_DS27		CODE           	193D	0000	43
		_write         		CODE           	1000	0000	23
		_select_memory_		CODE           	180F	0000	32
		_select_memory_		CODE           	2780	0000	32

DS2740_V2.c estimated size: 832

C:\Program Files (x86)\Microchip\xc8\v1.32\sources\common\almod.c
		___almod       		CODE           	1156	0000	110

C:\Program Files (x86)\Microchip\xc8\v1.32\sources\common\almod.c estimated size: 110

C:\Program Files (x86)\Microchip\xc8\v1.32\sources\common\Umul24.c
		___tmul        		CODE           	18C2	0000	39

C:\Program Files (x86)\Microchip\xc8\v1.32\sources\common\Umul24.c estimated size: 39

C:\Program Files (x86)\Microchip\xc8\v1.32\sources\common\ftge.c
		___ftge        		CODE           	1B38	0000	60

C:\Program Files (x86)\Microchip\xc8\v1.32\sources\common\ftge.c estimated size: 60

C:\Program Files (x86)\Microchip\xc8\v1.32\sources\common\fttol.c
		___fttol       		CODE           	152F	0000	135

C:\Program Files (x86)\Microchip\xc8\v1.32\sources\common\fttol.c estimated size: 135

calculations_V2.c
		_calculate_DS27		CODE           	16C4	0000	156
		_change_bin_to_		CODE           	12A5	0000	124

calculations_V2.c estimated size: 280

init_V2.c
		_init          		CODE           	06A1	0000	200

init_V2.c estimated size: 200

C:\Program Files (x86)\Microchip\xc8\v1.32\sources\common\lwdiv.c
		___lwdiv       		CODE           	1A8A	0000	54

C:\Program Files (x86)\Microchip\xc8\v1.32\sources\common\lwdiv.c estimated size: 54

C:\Program Files (x86)\Microchip\xc8\v1.32\sources\common\awdiv.c
		___awdiv       		CODE           	1D1C	0000	84

C:\Program Files (x86)\Microchip\xc8\v1.32\sources\common\awdiv.c estimated size: 84

C:\Program Files (x86)\Microchip\xc8\v1.32\sources\common\ftadd.c
		___ftadd       		CODE           	03D4	0000	246

C:\Program Files (x86)\Microchip\xc8\v1.32\sources\common\ftadd.c estimated size: 246

Software_Timer_V2.c
		_delay_90us    		CODE           	1806	0000	9
		_delay_200ms   		CODE           	26BA	0000	26
		_delay_50ms    		CODE           	26D4	0000	26
		_delay_80us    		CODE           	25C6	0000	9
		_delay_10us    		CODE           	25CF	0000	9
		_delay_450us   		CODE           	25B4	0000	9
		_delay_720us   		CODE           	25BD	0000	9

Software_Timer_V2.c estimated size: 97

C:\Program Files (x86)\Microchip\xc8\v1.32\sources\common\aldiv.c
		___aldiv       		CODE           	13A3	0000	130

C:\Program Files (x86)\Microchip\xc8\v1.32\sources\common\aldiv.c estimated size: 130

WS2812_V3.c
		_flash_led_accu		CODE           	1A55	0000	53
		_count_leds_acc		CODE           	1BF0	0000	68
		_load_value_acc		CODE           	0E75	0000	195
		_all_leds_zero 		CODE           	1AC0	0000	60
		_update_leds_lo		CODE           	1760	0000	160
		_count_leds_tem		CODE           	0F38	0000	200
		_load_value_tem		CODE           	0CF7	0000	188

WS2812_V3.c estimated size: 924

C:\Program Files (x86)\Microchip\xc8\v1.32\sources\common\Umul16.c
		___wmul        		CODE           	2742	0000	30

C:\Program Files (x86)\Microchip\xc8\v1.32\sources\common\Umul16.c estimated size: 30

bluetooth_communication_V2.c
		_change_dec_to_		CODE           	0A13	0000	182
		_send_out_set_t		CODE           	2709	0000	28
		_send_out_data 		CODE           	029B	0000	313

bluetooth_communication_V2.c estimated size: 523

EEPROM.c
		_read_EEPROM_lo		CODE           	0800	0000	13
		_write_EEPROM_l		CODE           	25FF	0000	20

EEPROM.c estimated size: 33

C:\Program Files (x86)\Microchip\xc8\v1.32\sources\common\ltdiv.c
		___ltdiv       		CODE           	1C34	0000	68

C:\Program Files (x86)\Microchip\xc8\v1.32\sources\common\ltdiv.c estimated size: 68

shared
		i1___lbtoft    		CODE           	26A0	0000	26
		i1_write       		CODE           	2656	0000	24
		i1_heat_Peltier		CODE           	14AA	0000	133
		i1_control_Pelt		CODE           	1234	0000	113
		i1___ftadd     		CODE           	04CA	0000	246
		i1_command_adre		CODE           	27A0	0000	32
		i1___ftdiv     		CODE           	080D	0000	169
		i1___ftge      		CODE           	1AFC	0000	60
		i1___lwtoft    		CODE           	25D8	0000	19
		i1___awdiv     		CODE           	1CC8	0000	84
		i1_cool_Peltier		CODE           	1425	0000	133
		i1_Initializati		CODE           	2628	0000	23
		i1___wmul      		CODE           	2725	0000	29
		i1___ftpack    		CODE           	1F3F	0000	96
		__initializatio		CODE           	00EA	0000	47
		i1_overwrite_me		CODE           	1995	0000	47
		i1_change_dec_t		CODE           	0DB3	0000	194
		i1___aldiv     		CODE           	1321	0000	130
		i1_count_leds_t		CODE           	05C0	0000	225
		i1_load_value_t		CODE           	0C3B	0000	188
		i1___almod     		CODE           	10E8	0000	110
		i1___tmul      		CODE           	189C	0000	38
		i1_system_low_p		CODE           	18E9	0000	42
		i1_delay_10us  		CODE           	257E	0000	9
		i1_delay_80us  		CODE           	25A2	0000	9
		i1_delay_90us  		CODE           	2587	0000	9
		i1_delay_720us 		CODE           	2599	0000	9
		i1_delay_450us 		CODE           	2590	0000	9

shared estimated size: 2253

Interrupt.c
		_system_normal_		CODE           	15B6	0000	135
		_restart_system		CODE           	1876	0000	38
		_power_button_d		CODE           	19F3	0000	49
		_isr           		CODE           	0004	0000	228
		_system_low_pow		CODE           	1913	0000	42
		_show_button_de		CODE           	1A24	0000	49

Interrupt.c estimated size: 541

C:\Program Files (x86)\Microchip\xc8\v1.32\sources\common\ftneg.c
		___ftneg       		CODE           	25AB	0000	9

C:\Program Files (x86)\Microchip\xc8\v1.32\sources\common\ftneg.c estimated size: 9

C:\Program Files (x86)\Microchip\xc8\v1.32\sources\common\lbdiv.c
		___lbdiv       		CODE           	182F	0000	34

C:\Program Files (x86)\Microchip\xc8\v1.32\sources\common\lbdiv.c estimated size: 34

Peltier_controlling_V2.c
		_control_Peltie		CODE           	11C4	0000	112
		_heat_Peltier  		CODE           	0769	0000	135
		_cool_Peltier  		CODE           	163D	0000	135

Peltier_controlling_V2.c estimated size: 382

C:\Program Files (x86)\Microchip\xc8\v1.32\sources\common\lttoft.c
		___lttoft      		CODE           	25EB	0000	20

C:\Program Files (x86)\Microchip\xc8\v1.32\sources\common\lttoft.c estimated size: 20

button_subroutines_V2.c
		_warmer        		CODE           	1BB1	0000	63
		_colder        		CODE           	1B74	0000	61

button_subroutines_V2.c estimated size: 124

C:\Program Files (x86)\Microchip\xc8\v1.32\sources\pic\ftdiv.c
		___ftdiv       		CODE           	08B6	0000	169

C:\Program Files (x86)\Microchip\xc8\v1.32\sources\pic\ftdiv.c estimated size: 169

Gesamt_FW_V2.c
		_main          		CODE           	1968	0000	45

Gesamt_FW_V2.c estimated size: 45

ADC_conversion.c
		_read_liquid_te		CODE           	0AC9	0000	185
		_read_liquid_te		CODE           	0B82	0000	185
		_read_peltier_e		CODE           	1DC9	0000	89
		_read_pumpe    		CODE           	1EE0	0000	95
		_read_outside_t		CODE           	107F	0000	105
		_read_every_ADC		CODE           	1C78	0000	80
		_read_is1      		CODE           	1E22	0000	95
		_read_is2      		CODE           	1E81	0000	95
		_read_peltier_e		CODE           	1D70	0000	89

ADC_conversion.c estimated size: 1018

C:\Program Files (x86)\Microchip\xc8\v1.32\sources\common\lwtoft.c
		___lwtoft      		CODE           	2613	0000	21

C:\Program Files (x86)\Microchip\xc8\v1.32\sources\common\lwtoft.c estimated size: 21

