Microchip MPLAB XC8 Compiler V1.32 ()

Linker command line:

--edf=C:\Program Files (x86)\Microchip\xc8\v1.32\dat\en_msgs.txt -cs \
  -h+dist/default/debug\Padrick_PIC16F1789.X.debug.sym \
  --cmf=dist/default/debug\Padrick_PIC16F1789.X.debug.cmf -z -Q16F1789 \
  -oC:\Users\Florian\AppData\Local\Temp\skdc.6 \
  -Mdist/default/debug/Padrick_PIC16F1789.X.debug.map -E1 -ver=XC8 \
  -ASTACK=02320h-027efh -pstack=STACK -ACONST=00h-0FFhx64 \
  -ACODE=00h-07FFhx8 -ASTRCODE=00h-03FFFh -AENTRY=00h-0FFhx64 \
  -ASTRING=00h-0FFhx64 -ACOMMON=070h-07Fh -ABANK0=020h-06Fh \
  -ABANK1=0A0h-0EFh -ABANK2=0120h-016Fh -ABANK3=01A0h-01EFh \
  -ABANK4=0220h-026Fh -ABANK5=02A0h-02EFh -ABANK6=0320h-036Fh \
  -ABANK7=03A0h-03EFh -ABANK8=0420h-046Fh -ABANK9=04A0h-04EFh \
  -ABANK10=0520h-056Fh -ABANK11=05A0h-05EFh -ABANK12=0620h-066Fh \
  -ABANK13=06A0h-06EFh -ABANK14=0720h-076Fh -ABANK15=07A0h-07EFh \
  -ABANK16=0820h-086Fh -ABANK17=08A0h-08EFh -ABANK18=0920h-096Fh \
  -ABANK19=09A0h-09EFh -ABANK20=0A20h-0A6Fh -ABANK21=0AA0h-0AEFh \
  -ABANK22=0B20h-0B6Fh -ABANK23=0BA0h-0BEFh -ABANK24=0C20h-0C6Fh \
  -ABANK25=0CA0h-0CBFh -ABIGRAM=02000h-027EFh \
  -ARAM=020h-06Fh,0A0h-0EFh,0120h-016Fh,01A0h-01EFh,0220h-026Fh,02A0h-02EFh,0320h-036Fh,03A0h-03EFh,0420h-046Fh,04A0h-04EFh,0520h-056Fh,05A0h-05EFh,0620h-066Fh,06A0h-06EFh,0720h-076Fh,07A0h-07EFh,0820h-086Fh,08A0h-08EFh,0920h-096Fh,09A0h-09EFh,0A20h-0A6Fh,0AA0h-0AEFh,0B20h-0B6Fh,0BA0h-0BEFh,0C20h-0C6Fh,0CA0h-0CBFh \
  -AABS1=020h-07Fh,0A0h-0EFh,0120h-016Fh,01A0h-01EFh,0220h-026Fh,02A0h-02EFh,0320h-036Fh,03A0h-03EFh,0420h-046Fh,04A0h-04EFh,0520h-056Fh,05A0h-05EFh,0620h-066Fh,06A0h-06EFh,0720h-076Fh,07A0h-07EFh,0820h-086Fh,08A0h-08EFh,0920h-096Fh,09A0h-09EFh,0A20h-0A6Fh,0AA0h-0AEFh,0B20h-0B6Fh,0BA0h-0BEFh,0C20h-0C6Fh,0CA0h-0CBFh \
  -ASFR0=00h-01Fh -ASFR1=080h-09Fh -ASFR2=0100h-011Fh -ASFR3=0180h-019Fh \
  -ASFR4=0200h-021Fh -ASFR5=0280h-029Fh -ASFR6=0300h-031Fh \
  -ASFR7=0380h-039Fh -ASFR8=0400h-041Fh -ASFR9=0480h-049Fh \
  -ASFR10=0500h-051Fh -ASFR11=0580h-059Fh -ASFR12=0600h-061Fh \
  -ASFR13=0680h-069Fh -ASFR14=0700h-071Fh -ASFR15=0780h-079Fh \
  -ASFR16=0800h-081Fh -ASFR17=0880h-089Fh -ASFR18=0900h-091Fh \
  -ASFR19=0980h-099Fh -ASFR20=0A00h-0A1Fh -ASFR21=0A80h-0A9Fh \
  -ASFR22=0B00h-0B1Fh -ASFR23=0B80h-0B9Fh -ASFR24=0C00h-0C1Fh \
  -ASFR25=0C80h-0C9Fh -ASFR26=0D00h-0D6Fh -ASFR27=0D80h-0DEFh \
  -ASFR28=0E00h-0E6Fh -ASFR29=0E80h-0EEFh -ASFR30=0F00h-0F6Fh \
  -ASFR31=0F80h-0FEFh -preset_vec=00h,intentry=04h,init,end_init \
  -ppowerup=CODE -pcinit=CODE -pfunctab=CODE -ACONFIG=08007h-08008h \
  -pconfig=CONFIG -DCONFIG=2 -AIDLOC=08000h-08003h -pidloc=IDLOC -DIDLOC=2 \
  -AEEDATA=00h-0FFh/0F000h -peeprom_data=EEDATA -DEEDATA=2 -DCODE=2 \
  -DSTRCODE=2 -DSTRING=2 -DCONST=2 -DENTRY=2 -k \
  C:\Users\Florian\AppData\Local\Temp\skdc.obj \
  dist/default/debug\Padrick_PIC16F1789.X.debug.obj 

Object code version is 3.11

Machine type is 16F1789



                Name                               Link     Load   Length Selector   Space Scale
C:\Users\Florian\AppData\Local\Temp\skdc.obj
                end_init                             DF       DF        2        8       0
                reset_vec                             0        0        3        0       0
                config                             8007     8007        2    1000E       0
dist/default/debug\Padrick_PIC16F1789.X.debug.obj
                cinit                                E1       E1       33        8       0
                intentry                              4        4       DB        8       0
                text99                             1F3F     1F3F       60     3E7E       0
                text98                             2642     2642       14     4C84       0
                text97                              F3D      F3D       C3     1E7A       0
                text96                             1A92     1A92       35     3524       0
                text95                             1BF0     1BF0       44     37E0       0
                text94                             25BA     25BA        9     4B74       0
                text93                             25C3     25C3        9     4B86       0
                text92                             26B0     26B0       18     4D60       0
                text91                             19D2     19D2       2F     33A4       0
                text90                             197A     197A       2B     32F4       0
                text89                              96C      96C       B4     12D8       0
                text88                             15CF     15CF       87     2B9E       0
                text87                             1AC7     1AC7       36     358E       0
                text86                             262F     262F       13     4C5E       0
                text85                             1764     1764       9C     2EC8       0
                text84                             1345     1345       7C     268A       0
                text83                             27A0     27A0       20     4F40       0
                text82                             26C8     26C8       18     4D90       0
                text81                             103D     103D       68     207A       0
                text80                             27C0     27C0       20     4F80       0
                text79                             25CC     25CC        9     4B98       0
                text78                             25D5     25D5        9     4BAA       0
                text77                             25DE     25DE        9     4BBC       0
                text76                             266B     266B       17     4CD6       0
                text75                             27E0     27E0       20     4FC0       0
                text74                             26E0     26E0       1A     4DC0       0
                text73                              4C1      4C1       F6        8       0
                text72                              81A      81A       A9     1034       0
                text71                             26FA     26FA       1A     4DF4       0
                text70                              114      114      17E        8       0
                text69                             1A30     1A30       31     3460       0
                text68                             1E22     1E22       5F     3C44       0
                text67                             1E81     1E81       5F     3D02       0
                text66                             25E7     25E7        9     4BCE       0
                text65                              AD6      AD6       B9     15AC       0
                text64                              B8F      B8F       B9     171E       0
                text63                             10A5     10A5       69     214A       0
                text62                             1D70     1D70       59     3AE0       0
                text61                             1DC9     1DC9       59     3B92       0
                text60                             1EE0     1EE0       5F     3DC0       0
                text59                             1C78     1C78       50     38F0       0
                text58                              D03      D03       BC     1A06       0
                text57                             1AFD     1AFD       3C     35FA       0
                text56                              760      760       A0        8       0
                text55                             1CC8     1CC8       54     3990       0
                text54                             2765     2765       1D     4ECA       0
                text53                              5B7      5B7       E1        8       0
                text52                             12CB     12CB       7A     2596       0
                text51                             18B3     18B3       26     3166       0
                text50                             1C34     1C34       44     3868       0
                text49                             13C1     13C1       82     2782       0
                text48                             110E     110E       6E     221C       0
                text47                             18D9     18D9       26     31B2       0
                text46                              E7B      E7B       C2     1CF6       0
                text45                              292      292      139        8       0
                text44                             1A61     1A61       31     34C2       0
                text43                             1B39     1B39       3C     3672       0
                text42                             14C5     14C5       85     298A       0
                text41                             154A     154A       85     2A94       0
                text40                             125A     125A       71     24B4       0
                text39                             1926     1926       2A     324C       0
                text37                             1F9F     1F9F       61     3F3E       0
                text36                              3CB      3CB       F6        8       0
                text35                              8C3      8C3       A9     1186       0
                text34                             1B75     1B75       3C     36EA       0
                text33                             272E     272E       1B     4E5C       0
                text32                             2656     2656       15     4CAC       0
                text31                             1656     1656       87     2CAC       0
                text30                             16DD     16DD       87     2DBA       0
                text29                             11EA     11EA       70     23D4       0
                text28                             1D1C     1D1C       54     3A38       0
                text27                             2782     2782       1E     4F04       0
                text26                              DBF      DBF       BC     1B7E       0
                text25                              698      698       C8        8       0
                text24                             2714     2714       1A     4E28       0
                text23                              800      800       1A        8       0
                text22                             1443     1443       82     2886       0
                text21                             117C     117C       6E     22F8       0
                text20                             18FF     18FF       27     31FE       0
                text19                              A20      A20       B6     1440       0
                text18                             2749     2749       1C     4E92       0
                text17                             1000     1000       3D     1E7A       0
                text16                             25F0     25F0        9     4BE0       0
                text15                             25F9     25F9        9     4BF2       0
                text14                             2602     2602        9     4C04       0
                text13                             2682     2682       17     4D04       0
                text12                             186C     186C       22     30D8       0
                text11                             260B     260B        9     4C16       0
                text10                             1803     1803        9     3006       0
                text9                              2699     2699       17     4D32       0
                text8                              180C     180C       20     3018       0
                text7                              182C     182C       20     3058       0
                text6                              1A01     1A01       2F     3402       0
                text5                              2614     2614        D     4C28       0
                text4                              184C     184C       20     3098       0
                text3                              1950     1950       2A     32A0       0
                text2                               C48      C48       BB     1890       0
                text1                              1BB1     1BB1       3F     3762       0
                maintext                           19A5     19A5       2D     334A       0
                cstackBANK0                          20       20       50       20       1
                cstackCOMMON                         70       70        E       70       1
                cstackBANK1                          A0       A0       2D       A0       1
                cstackBANK3                         1C0      1C0        5      1A0       1
                inittext                           25AE     25AE        6     4B5C       0
                clrtext                            25B4     25B4        6     4B68       0
                bssBANK3                            1A0      1A0       20      1A0       1
                dataBANK2                           147      147       25      120       1
                bssBANK2                            120      120       27      120       1
                dataBANK1                            DD       DD        E       A0       1
                bssBANK1                             CD       CD       10       A0       1
                idataBANK2                         188E     188E       25     311C       0
                idataBANK1                         2621     2621        E     4C42       0

TOTAL           Name                               Link     Load   Length     Space
        CLASS   STACK          

        CLASS   CONST          

        CLASS   CODE           
                end_init                             DF       DF        2         0
                cinit                                E1       E1       33         0
                intentry                              4        4       DB         0
                reset_vec                             0        0        3         0
                text99                             1F3F     1F3F       60         0
                text98                             2642     2642       14         0
                text97                              F3D      F3D       C3         0
                text96                             1A92     1A92       35         0
                text95                             1BF0     1BF0       44         0
                text94                             25BA     25BA        9         0
                text93                             25C3     25C3        9         0
                text92                             26B0     26B0       18         0
                text91                             19D2     19D2       2F         0
                text90                             197A     197A       2B         0
                text89                              96C      96C       B4         0
                text88                             15CF     15CF       87         0
                text87                             1AC7     1AC7       36         0
                text86                             262F     262F       13         0
                text85                             1764     1764       9C         0
                text84                             1345     1345       7C         0
                text83                             27A0     27A0       20         0
                text82                             26C8     26C8       18         0
                text81                             103D     103D       68         0
                text80                             27C0     27C0       20         0
                text79                             25CC     25CC        9         0
                text78                             25D5     25D5        9         0
                text77                             25DE     25DE        9         0
                text76                             266B     266B       17         0
                text75                             27E0     27E0       20         0
                text74                             26E0     26E0       1A         0
                text73                              4C1      4C1       F6         0
                text72                              81A      81A       A9         0
                text71                             26FA     26FA       1A         0
                text70                              114      114      17E         0
                text69                             1A30     1A30       31         0
                text68                             1E22     1E22       5F         0
                text67                             1E81     1E81       5F         0
                text66                             25E7     25E7        9         0
                text65                              AD6      AD6       B9         0
                text64                              B8F      B8F       B9         0
                text63                             10A5     10A5       69         0
                text62                             1D70     1D70       59         0
                text61                             1DC9     1DC9       59         0
                text60                             1EE0     1EE0       5F         0
                text59                             1C78     1C78       50         0
                text58                              D03      D03       BC         0
                text57                             1AFD     1AFD       3C         0
                text56                              760      760       A0         0
                text55                             1CC8     1CC8       54         0
                text54                             2765     2765       1D         0
                text53                              5B7      5B7       E1         0
                text52                             12CB     12CB       7A         0
                text51                             18B3     18B3       26         0
                text50                             1C34     1C34       44         0
                text49                             13C1     13C1       82         0
                text48                             110E     110E       6E         0
                text47                             18D9     18D9       26         0
                text46                              E7B      E7B       C2         0
                text45                              292      292      139         0
                text44                             1A61     1A61       31         0
                text43                             1B39     1B39       3C         0
                text42                             14C5     14C5       85         0
                text41                             154A     154A       85         0
                text40                             125A     125A       71         0
                text39                             1926     1926       2A         0
                text37                             1F9F     1F9F       61         0
                text36                              3CB      3CB       F6         0
                text35                              8C3      8C3       A9         0
                text34                             1B75     1B75       3C         0
                text33                             272E     272E       1B         0
                text32                             2656     2656       15         0
                text31                             1656     1656       87         0
                text30                             16DD     16DD       87         0
                text29                             11EA     11EA       70         0
                text28                             1D1C     1D1C       54         0
                text27                             2782     2782       1E         0
                text26                              DBF      DBF       BC         0
                text25                              698      698       C8         0
                text24                             2714     2714       1A         0
                text23                              800      800       1A         0
                text22                             1443     1443       82         0
                text21                             117C     117C       6E         0
                text20                             18FF     18FF       27         0
                text19                              A20      A20       B6         0
                text18                             2749     2749       1C         0
                text17                             1000     1000       3D         0
                text16                             25F0     25F0        9         0
                text15                             25F9     25F9        9         0
                text14                             2602     2602        9         0
                text13                             2682     2682       17         0
                text12                             186C     186C       22         0
                text11                             260B     260B        9         0
                text10                             1803     1803        9         0
                text9                              2699     2699       17         0
                text8                              180C     180C       20         0
                text7                              182C     182C       20         0
                text6                              1A01     1A01       2F         0
                text5                              2614     2614        D         0
                text4                              184C     184C       20         0
                text3                              1950     1950       2A         0
                text2                               C48      C48       BB         0
                text1                              1BB1     1BB1       3F         0
                maintext                           19A5     19A5       2D         0
                inittext                           25AE     25AE        6         0
                clrtext                            25B4     25B4        6         0
                idataBANK2                         188E     188E       25         0
                idataBANK1                         2621     2621        E         0

        CLASS   STRCODE        

        CLASS   ENTRY          

        CLASS   STRING         

        CLASS   COMMON         
                cstackCOMMON                         70       70        E         1

        CLASS   BANK0          
                cstackBANK0                          20       20       50         1

        CLASS   BANK1          
                cstackBANK1                          A0       A0       2D         1
                dataBANK1                            DD       DD        E         1
                bssBANK1                             CD       CD       10         1

        CLASS   BANK2          
                dataBANK2                           147      147       25         1
                bssBANK2                            120      120       27         1

        CLASS   BANK3          
                cstackBANK3                         1C0      1C0        5         1
                bssBANK3                            1A0      1A0       20         1

        CLASS   BANK4          

        CLASS   BANK5          

        CLASS   BANK6          

        CLASS   BANK7          

        CLASS   BANK8          

        CLASS   BANK9          

        CLASS   BANK10         

        CLASS   BANK11         

        CLASS   BANK12         

        CLASS   BANK13         

        CLASS   BANK14         

        CLASS   BANK15         

        CLASS   BANK16         

        CLASS   BANK17         

        CLASS   BANK18         

        CLASS   BANK19         

        CLASS   BANK20         

        CLASS   BANK21         

        CLASS   BANK22         

        CLASS   BANK23         

        CLASS   BANK24         

        CLASS   BANK25         

        CLASS   BIGRAM         

        CLASS   RAM            

        CLASS   ABS1           
                abs_s1                               7E       7E        2         1

        CLASS   SFR0           

        CLASS   SFR1           

        CLASS   SFR2           

        CLASS   SFR3           

        CLASS   SFR4           

        CLASS   SFR5           

        CLASS   SFR6           

        CLASS   SFR7           

        CLASS   SFR8           

        CLASS   SFR9           

        CLASS   SFR10          

        CLASS   SFR11          

        CLASS   SFR12          

        CLASS   SFR13          

        CLASS   SFR14          

        CLASS   SFR15          

        CLASS   SFR16          

        CLASS   SFR17          

        CLASS   SFR18          

        CLASS   SFR19          

        CLASS   SFR20          

        CLASS   SFR21          

        CLASS   SFR22          

        CLASS   SFR23          

        CLASS   SFR24          

        CLASS   SFR25          

        CLASS   SFR26          

        CLASS   SFR27          

        CLASS   SFR28          

        CLASS   SFR29          

        CLASS   SFR30          

        CLASS   SFR31          

        CLASS   CONFIG         
                config                             8007     8007        2         0

        CLASS   IDLOC          

        CLASS   EEDATA         

        CLASS   BANK31         

        CLASS   BANK30         

        CLASS   BANK29         

        CLASS   BANK28         

        CLASS   BANK27         

        CLASS   BANK26         



SEGMENTS        Name                           Load    Length   Top    Selector   Space  Class     Delta

                reset_vec                      000000  000003  000003         0       0  CODE        2
                intentry                       000004  000816  00081A         8       0  CODE        2
                cstackBANK0                    000020  000050  000070        20       1  BANK0       1
                cstackCOMMON                   000070  00000E  00007E        70       1  COMMON      1
                cstackBANK1                    0000A0  00004B  0000EB        A0       1  BANK1       1
                bssBANK2                       000120  00004C  00016C       120       1  BANK2       1
                bssBANK3                       0001A0  000025  0001C5       1A0       1  BANK3       1
                text72                         00081A  0000A9  0008C3      1034       0  CODE        2
                text35                         0008C3  0000A9  00096C      1186       0  CODE        2
                text89                         00096C  0000B4  000A20      12D8       0  CODE        2
                text19                         000A20  0000B6  000AD6      1440       0  CODE        2
                text65                         000AD6  0000B9  000B8F      15AC       0  CODE        2
                text64                         000B8F  0000B9  000C48      171E       0  CODE        2
                text2                          000C48  0000BB  000D03      1890       0  CODE        2
                text58                         000D03  0000BC  000DBF      1A06       0  CODE        2
                text26                         000DBF  0000BC  000E7B      1B7E       0  CODE        2
                text46                         000E7B  0000C2  000F3D      1CF6       0  CODE        2
                text97                         000F3D  000100  00103D      1E7A       0  CODE        2
                text81                         00103D  000068  0010A5      207A       0  CODE        2
                text63                         0010A5  000069  00110E      214A       0  CODE        2
                text48                         00110E  00006E  00117C      221C       0  CODE        2
                text21                         00117C  00006E  0011EA      22F8       0  CODE        2
                text29                         0011EA  000070  00125A      23D4       0  CODE        2
                text40                         00125A  000071  0012CB      24B4       0  CODE        2
                text52                         0012CB  00007A  001345      2596       0  CODE        2
                text84                         001345  00007C  0013C1      268A       0  CODE        2
                text49                         0013C1  000082  001443      2782       0  CODE        2
                text22                         001443  000082  0014C5      2886       0  CODE        2
                text42                         0014C5  000085  00154A      298A       0  CODE        2
                text41                         00154A  000085  0015CF      2A94       0  CODE        2
                text88                         0015CF  000087  001656      2B9E       0  CODE        2
                text31                         001656  000087  0016DD      2CAC       0  CODE        2
                text30                         0016DD  000087  001764      2DBA       0  CODE        2
                text85                         001764  00009C  001800      2EC8       0  CODE        2
                text10                         001803  000009  00180C      3006       0  CODE        2
                text8                          00180C  000020  00182C      3018       0  CODE        2
                text7                          00182C  000020  00184C      3058       0  CODE        2
                text4                          00184C  000020  00186C      3098       0  CODE        2
                text12                         00186C  000022  00188E      30D8       0  CODE        2
                idataBANK2                     00188E  000025  0018B3      311C       0  CODE        2
                text51                         0018B3  000026  0018D9      3166       0  CODE        2
                text47                         0018D9  000026  0018FF      31B2       0  CODE        2
                text20                         0018FF  000027  001926      31FE       0  CODE        2
                text39                         001926  00002A  001950      324C       0  CODE        2
                text3                          001950  00002A  00197A      32A0       0  CODE        2
                text90                         00197A  00002B  0019A5      32F4       0  CODE        2
                maintext                       0019A5  00002D  0019D2      334A       0  CODE        2
                text91                         0019D2  00002F  001A01      33A4       0  CODE        2
                text6                          001A01  00002F  001A30      3402       0  CODE        2
                text69                         001A30  000031  001A61      3460       0  CODE        2
                text44                         001A61  000031  001A92      34C2       0  CODE        2
                text96                         001A92  000035  001AC7      3524       0  CODE        2
                text87                         001AC7  000036  001AFD      358E       0  CODE        2
                text57                         001AFD  00003C  001B39      35FA       0  CODE        2
                text43                         001B39  00003C  001B75      3672       0  CODE        2
                text34                         001B75  00003C  001BB1      36EA       0  CODE        2
                text1                          001BB1  00003F  001BF0      3762       0  CODE        2
                text95                         001BF0  000044  001C34      37E0       0  CODE        2
                text50                         001C34  000044  001C78      3868       0  CODE        2
                text59                         001C78  000050  001CC8      38F0       0  CODE        2
                text55                         001CC8  000054  001D1C      3990       0  CODE        2
                text28                         001D1C  000054  001D70      3A38       0  CODE        2
                text62                         001D70  000059  001DC9      3AE0       0  CODE        2
                text61                         001DC9  000059  001E22      3B92       0  CODE        2
                text68                         001E22  00005F  001E81      3C44       0  CODE        2
                text67                         001E81  00005F  001EE0      3D02       0  CODE        2
                text60                         001EE0  00005F  001F3F      3DC0       0  CODE        2
                text99                         001F3F  000060  001F9F      3E7E       0  CODE        2
                text37                         001F9F  000061  002000      3F3E       0  CODE        2
                inittext                       0025AE  000006  0025B4      4B5C       0  CODE        2
                clrtext                        0025B4  000006  0025BA      4B68       0  CODE        2
                text94                         0025BA  000009  0025C3      4B74       0  CODE        2
                text93                         0025C3  000009  0025CC      4B86       0  CODE        2
                text79                         0025CC  000009  0025D5      4B98       0  CODE        2
                text78                         0025D5  000009  0025DE      4BAA       0  CODE        2
                text77                         0025DE  000009  0025E7      4BBC       0  CODE        2
                text66                         0025E7  000009  0025F0      4BCE       0  CODE        2
                text16                         0025F0  000009  0025F9      4BE0       0  CODE        2
                text15                         0025F9  000009  002602      4BF2       0  CODE        2
                text14                         002602  000009  00260B      4C04       0  CODE        2
                text11                         00260B  000009  002614      4C16       0  CODE        2
                text5                          002614  00000D  002621      4C28       0  CODE        2
                idataBANK1                     002621  00000E  00262F      4C42       0  CODE        2
                text86                         00262F  000013  002642      4C5E       0  CODE        2
                text98                         002642  000014  002656      4C84       0  CODE        2
                text32                         002656  000015  00266B      4CAC       0  CODE        2
                text76                         00266B  000017  002682      4CD6       0  CODE        2
                text13                         002682  000017  002699      4D04       0  CODE        2
                text9                          002699  000017  0026B0      4D32       0  CODE        2
                text92                         0026B0  000018  0026C8      4D60       0  CODE        2
                text82                         0026C8  000018  0026E0      4D90       0  CODE        2
                text74                         0026E0  00001A  0026FA      4DC0       0  CODE        2
                text71                         0026FA  00001A  002714      4DF4       0  CODE        2
                text24                         002714  00001A  00272E      4E28       0  CODE        2
                text33                         00272E  00001B  002749      4E5C       0  CODE        2
                text18                         002749  00001C  002765      4E92       0  CODE        2
                text54                         002765  00001D  002782      4ECA       0  CODE        2
                text27                         002782  00001E  0027A0      4F04       0  CODE        2
                text83                         0027A0  000020  0027C0      4F40       0  CODE        2
                text80                         0027C0  000020  0027E0      4F80       0  CODE        2
                text75                         0027E0  000020  002800      4FC0       0  CODE        2
                config                         008007  000002  008009     1000E       0  CONFIG      2


UNUSED ADDRESS RANGES

        Name                Unused          Largest block    Delta
        BANK1            000EB-000EF               5           1
        BANK10           00520-0056F              50           1
        BANK11           005A0-005EF              50           1
        BANK12           00620-0066F              50           1
        BANK13           006A0-006EF              50           1
        BANK14           00720-0076F              50           1
        BANK15           007A0-007EF              50           1
        BANK16           00820-0086F              50           1
        BANK17           008A0-008EF              50           1
        BANK18           00920-0096F              50           1
        BANK19           009A0-009EF              50           1
        BANK2            0016C-0016F               4           1
        BANK20           00A20-00A6F              50           1
        BANK21           00AA0-00AEF              50           1
        BANK22           00B20-00B6F              50           1
        BANK23           00BA0-00BEF              50           1
        BANK24           00C20-00C6F              50           1
        BANK25           00CA0-00CBF              20           1
        BANK3            001C5-001EF              2B           1
        BANK4            00220-0026F              50           1
        BANK5            002A0-002EF              50           1
        BANK6            00320-0036F              50           1
        BANK7            003A0-003EF              50           1
        BANK8            00420-0046F              50           1
        BANK9            004A0-004EF              50           1
        BIGRAM           02000-027EF             7F0           1
        CODE             00003-00003               1           2
                         01800-01802               3
                         02000-025AD             5AE
                         02800-03FFF             800
        CONST            00003-00003               1           2
                         01800-01802               3
                         02000-025AD             100
                         02800-03FFF             100
        EEDATA           0F000-0F0FF             100           2
        ENTRY            00003-00003               1           2
                         01800-01802               3
                         02000-025AD             100
                         02800-03FFF             100
        IDLOC            08000-08003               4           2
        RAM              000EB-000EF               5           1
                         0016C-0016F               4
                         001C5-001EF              2B
                         00220-0026F              50
                         002A0-002EF              50
                         00320-0036F              50
                         003A0-003EF              50
                         00420-0046F              50
                         004A0-004EF              50
                         00520-0056F              50
                         005A0-005EF              50
                         00620-0066F              50
                         006A0-006EF              50
                         00720-0076F              50
                         007A0-007EF              50
                         00820-0086F              50
                         008A0-008EF              50
                         00920-0096F              50
                         009A0-009EF              50
                         00A20-00A6F              50
                         00AA0-00AEF              50
                         00B20-00B6F              50
                         00BA0-00BEF              50
                         00C20-00C6F              50
                         00CA0-00CBF              20
        SFR0             00000-0001F              20           1
        SFR1             00080-0009F              20           1
        SFR10            00500-0051F              20           1
        SFR11            00580-0059F              20           1
        SFR12            00600-0061F              20           1
        SFR13            00680-0069F              20           1
        SFR14            00700-0071F              20           1
        SFR15            00780-0079F              20           1
        SFR16            00800-0081F              20           1
        SFR17            00880-0089F              20           1
        SFR18            00900-0091F              20           1
        SFR19            00980-0099F              20           1
        SFR2             00100-0011F              20           1
        SFR20            00A00-00A1F              20           1
        SFR21            00A80-00A9F              20           1
        SFR22            00B00-00B1F              20           1
        SFR23            00B80-00B9F              20           1
        SFR24            00C00-00C1F              20           1
        SFR25            00C80-00C9F              20           1
        SFR26            00D00-00D6F              70           1
        SFR27            00D80-00DEF              70           1
        SFR28            00E00-00E6F              70           1
        SFR29            00E80-00EEF              70           1
        SFR3             00180-0019F              20           1
        SFR30            00F00-00F6F              70           1
        SFR31            00F80-00FEF              70           1
        SFR4             00200-0021F              20           1
        SFR5             00280-0029F              20           1
        SFR6             00300-0031F              20           1
        SFR7             00380-0039F              20           1
        SFR8             00400-0041F              20           1
        SFR9             00480-0049F              20           1
        STACK            02320-027EF             4D0           1
        STRCODE          00003-00003               1           2
                         01800-01802               3
                         02000-025AD             5AE
                         02800-03FFF            1800
        STRING           00003-00003               1           2
                         01800-01802               3
                         02000-025AD             100
                         02800-03FFF             100

                                  Symbol Table

?___aldiv                                 cstackBANK1  000AC
?___almod                                 cstackBANK1  000AC
?___awdiv                                 cstackBANK1  000A9
?___ftadd                                 cstackBANK1  000AB
?___ftdiv                                 cstackBANK1  000B3
?___ftmul                                 cstackBANK0  00024
?___ftneg                                 cstackBANK0  00034
?___ftpack                                cstackBANK1  000A3
?___fttol                                 cstackBANK0  00054
?___lbtoft                                cstackBANK1  000AB
?___ltdiv                                 cstackCOMMON 00070
?___lttoft                                cstackCOMMON 00078
?___lwdiv                                 cstackCOMMON 00070
?___lwtoft                                cstackBANK1  000AB
?___tmul                                  cstackBANK1  000A3
?___wmul                                  cstackBANK1  000A3
?i1___aldiv                               cstackBANK0  00020
?i1___almod                               cstackBANK0  00020
?i1___awdiv                               cstackCOMMON 00076
?i1___ftadd                               cstackBANK0  00037
?i1___ftdiv                               cstackBANK0  00044
?i1___ftpack                              cstackCOMMON 00070
?i1___lbtoft                              cstackCOMMON 00078
?i1___lwtoft                              cstackCOMMON 00078
?i1___tmul                                cstackCOMMON 00070
?i1___wmul                                cstackCOMMON 00070
_ACR                                      bssBANK3     001A0
_ADCON0                                   (abs)        0009D
_ADCON1                                   (abs)        0009E
_ADCON2                                   (abs)        0009F
_ADRES                                    (abs)        0009B
_ANSELA                                   (abs)        0018C
_ANSELB                                   (abs)        0018D
_ANSELC                                   (abs)        0018E
_ANSELD                                   (abs)        0018F
_ANSELE                                   (abs)        00190
_BRG16                                    (abs)        00CFB
_BRGH                                     (abs)        00CF2
_CCP1CON                                  (abs)        00293
_CCP1SEL                                  (abs)        008EE
_CCP2CON                                  (abs)        0029A
_CCP2SEL                                  (abs)        008E8
_CCPR1L                                   (abs)        00291
_CCPR2L                                   (abs)        00298
_CFGS                                     (abs)        00CAE
_CR                                       bssBANK3     001B0
_CREN                                     (abs)        00CEC
_DS2740_communication                     text70       00114
_EEADRL                                   (abs)        00191
_EECON2                                   (abs)        00196
_EEDATL                                   (abs)        00193
_EEIF                                     (abs)        00094
_EEPGD                                    (abs)        00CAF
_FVRCON                                   (abs)        00117
_GIE                                      (abs)        0005F
_GO_nDONE                                 (abs)        004E9
_IOCCFbits                                (abs)        00399
_IOCCNbits                                (abs)        00398
_IOCIE                                    (abs)        0005B
_Initialization_DS2740                    text13       02682
_LATAbits                                 (abs)        0010C
_LATCbits                                 (abs)        0010E
_OPTION_REGbits                           (abs)        00095
_OSCCON                                   (abs)        00099
_PEIE                                     (abs)        0005E
_PORTA                                    (abs)        0000C
_PORTB                                    (abs)        0000D
_PORTC                                    (abs)        0000E
_PORTD                                    (abs)        0000F
_PORTE                                    (abs)        00010
_PR2                                      (abs)        0001B
_RC4                                      (abs)        00074
_RC5                                      (abs)        00075
_RCIE                                     (abs)        0048D
_RCIF                                     (abs)        0008D
_RCREG                                    (abs)        00199
_RD                                       (abs)        00CA8
_RD2                                      (abs)        0007A
_RD3                                      (abs)        0007B
_RD5                                      (abs)        0007D
_SPBRG                                    (abs)        0019B
_SPEN                                     (abs)        00CEF
_SYNC                                     (abs)        00CF4
_T1CON                                    (abs)        00018
_T2CON                                    (abs)        0001C
_TMR0                                     (abs)        00015
_TMR0CS                                   (abs)        004AD
_TMR0IE                                   (abs)        0005D
_TMR0IF                                   (abs)        0005A
_TMR1                                     (abs)        00016
_TMR10s                                   bssBANK2     0012C
_TMR1IF                                   (abs)        00088
_TMR1ON                                   (abs)        000C0
_TMR1s                                    bssBANK2     0012E
_TMR2IF                                   (abs)        00089
_TMR5s                                    bssBANK2     00130
_TMR_before_reverse                       bssBANK2     00132
_TRISA                                    (abs)        0008C
_TRISB                                    (abs)        0008D
_TRISC                                    (abs)        0008E
_TRISCbits                                (abs)        0008E
_TRISD                                    (abs)        0008F
_TRISDbits                                (abs)        0008F
_TRISE                                    (abs)        00090
_TXEN                                     (abs)        00CF5
_TXIF                                     (abs)        0008C
_TXREG                                    (abs)        0019A
_WR                                       (abs)        00CA9
_WREN                                     (abs)        00CAA
__CFG_BOREN$OFF                           (abs)        00000
__CFG_BORV$LO                             (abs)        00000
__CFG_CLKOUTEN$OFF                        (abs)        00000
__CFG_CP$OFF                              (abs)        00000
__CFG_CPD$OFF                             (abs)        00000
__CFG_FCMEN$OFF                           (abs)        00000
__CFG_FOSC$INTOSC                         (abs)        00000
__CFG_IESO$OFF                            (abs)        00000
__CFG_LPBOR$OFF                           (abs)        00000
__CFG_LVP$OFF                             (abs)        00000
__CFG_MCLRE$ON                            (abs)        00000
__CFG_PLLEN$OFF                           (abs)        00000
__CFG_PWRTE$OFF                           (abs)        00000
__CFG_STVREN$OFF                          (abs)        00000
__CFG_VCAPEN$OFF                          (abs)        00000
__CFG_WDTE$OFF                            (abs)        00000
__CFG_WRT$OFF                             (abs)        00000
__Habs1                                   abs1         00000
__Hbank0                                  bank0        00000
__Hbank1                                  bank1        00000
__Hbank10                                 bank10       00000
__Hbank11                                 bank11       00000
__Hbank12                                 bank12       00000
__Hbank13                                 bank13       00000
__Hbank14                                 bank14       00000
__Hbank15                                 bank15       00000
__Hbank16                                 bank16       00000
__Hbank17                                 bank17       00000
__Hbank18                                 bank18       00000
__Hbank19                                 bank19       00000
__Hbank2                                  bank2        00000
__Hbank20                                 bank20       00000
__Hbank21                                 bank21       00000
__Hbank22                                 bank22       00000
__Hbank23                                 bank23       00000
__Hbank24                                 bank24       00000
__Hbank25                                 bank25       00000
__Hbank26                                 bank26       00000
__Hbank27                                 bank27       00000
__Hbank28                                 bank28       00000
__Hbank29                                 bank29       00000
__Hbank3                                  bank3        00000
__Hbank30                                 bank30       00000
__Hbank31                                 bank31       00000
__Hbank4                                  bank4        00000
__Hbank5                                  bank5        00000
__Hbank6                                  bank6        00000
__Hbank7                                  bank7        00000
__Hbank8                                  bank8        00000
__Hbank9                                  bank9        00000
__Hbigram                                 bigram       00000
__HbssBANK1                               bssBANK1     00000
__HbssBANK2                               bssBANK2     00000
__HbssBANK3                               bssBANK3     00000
__Hcinit                                  cinit        00114
__Hclrtext                                clrtext      00000
__Hcode                                   code         00000
__Hcommon                                 common       00000
__Hconfig                                 config       08009
__HcstackBANK0                            cstackBANK0  00000
__HcstackBANK1                            cstackBANK1  00000
__HcstackBANK3                            cstackBANK3  00000
__HcstackCOMMON                           cstackCOMMON 00000
__HdataBANK1                              dataBANK1    00000
__HdataBANK2                              dataBANK2    00000
__Heeprom_data                            eeprom_data  00000
__Hend_init                               end_init     000E1
__Hfunctab                                functab      00000
__HidataBANK1                             idataBANK1   00000
__HidataBANK2                             idataBANK2   00000
__Hidloc                                  idloc        00000
__Hinit                                   init         000DF
__Hinittext                               inittext     00000
__Hintentry                               intentry     000DF
__Hmaintext                               maintext     00000
__Hpowerup                                powerup      00000
__Hram                                    ram          00000
__Hreset_vec                              reset_vec    00003
__Hsfr0                                   sfr0         00000
__Hsfr1                                   sfr1         00000
__Hsfr10                                  sfr10        00000
__Hsfr11                                  sfr11        00000
__Hsfr12                                  sfr12        00000
__Hsfr13                                  sfr13        00000
__Hsfr14                                  sfr14        00000
__Hsfr15                                  sfr15        00000
__Hsfr16                                  sfr16        00000
__Hsfr17                                  sfr17        00000
__Hsfr18                                  sfr18        00000
__Hsfr19                                  sfr19        00000
__Hsfr2                                   sfr2         00000
__Hsfr20                                  sfr20        00000
__Hsfr21                                  sfr21        00000
__Hsfr22                                  sfr22        00000
__Hsfr23                                  sfr23        00000
__Hsfr24                                  sfr24        00000
__Hsfr25                                  sfr25        00000
__Hsfr26                                  sfr26        00000
__Hsfr27                                  sfr27        00000
__Hsfr28                                  sfr28        00000
__Hsfr29                                  sfr29        00000
__Hsfr3                                   sfr3         00000
__Hsfr30                                  sfr30        00000
__Hsfr31                                  sfr31        00000
__Hsfr4                                   sfr4         00000
__Hsfr5                                   sfr5         00000
__Hsfr6                                   sfr6         00000
__Hsfr7                                   sfr7         00000
__Hsfr8                                   sfr8         00000
__Hsfr9                                   sfr9         00000
__Hspace_0                                (abs)        08009
__Hspace_1                                (abs)        001C5
__Hspace_2                                (abs)        00000
__Hspace_3                                (abs)        00000
__Hstack                                  stack        00000
__Hstrings                                strings      00000
__Htext                                   text         00000
__Labs1                                   abs1         00000
__Lbank0                                  bank0        00000
__Lbank1                                  bank1        00000
__Lbank10                                 bank10       00000
__Lbank11                                 bank11       00000
__Lbank12                                 bank12       00000
__Lbank13                                 bank13       00000
__Lbank14                                 bank14       00000
__Lbank15                                 bank15       00000
__Lbank16                                 bank16       00000
__Lbank17                                 bank17       00000
__Lbank18                                 bank18       00000
__Lbank19                                 bank19       00000
__Lbank2                                  bank2        00000
__Lbank20                                 bank20       00000
__Lbank21                                 bank21       00000
__Lbank22                                 bank22       00000
__Lbank23                                 bank23       00000
__Lbank24                                 bank24       00000
__Lbank25                                 bank25       00000
__Lbank26                                 bank26       00000
__Lbank27                                 bank27       00000
__Lbank28                                 bank28       00000
__Lbank29                                 bank29       00000
__Lbank3                                  bank3        00000
__Lbank30                                 bank30       00000
__Lbank31                                 bank31       00000
__Lbank4                                  bank4        00000
__Lbank5                                  bank5        00000
__Lbank6                                  bank6        00000
__Lbank7                                  bank7        00000
__Lbank8                                  bank8        00000
__Lbank9                                  bank9        00000
__Lbigram                                 bigram       00000
__LbssBANK1                               bssBANK1     00000
__LbssBANK2                               bssBANK2     00000
__LbssBANK3                               bssBANK3     00000
__Lcinit                                  cinit        000E1
__Lclrtext                                clrtext      00000
__Lcode                                   code         00000
__Lcommon                                 common       00000
__Lconfig                                 config       08007
__LcstackBANK0                            cstackBANK0  00000
__LcstackBANK1                            cstackBANK1  00000
__LcstackBANK3                            cstackBANK3  00000
__LcstackCOMMON                           cstackCOMMON 00000
__LdataBANK1                              dataBANK1    00000
__LdataBANK2                              dataBANK2    00000
__Leeprom_data                            eeprom_data  00000
__Lend_init                               end_init     000DF
__Lfunctab                                functab      00000
__LidataBANK1                             idataBANK1   00000
__LidataBANK2                             idataBANK2   00000
__Lidloc                                  idloc        00000
__Linit                                   init         000DF
__Linittext                               inittext     00000
__Lintentry                               intentry     00004
__Lmaintext                               maintext     00000
__Lpowerup                                powerup      00000
__Lram                                    ram          00000
__Lreset_vec                              reset_vec    00000
__Lsfr0                                   sfr0         00000
__Lsfr1                                   sfr1         00000
__Lsfr10                                  sfr10        00000
__Lsfr11                                  sfr11        00000
__Lsfr12                                  sfr12        00000
__Lsfr13                                  sfr13        00000
__Lsfr14                                  sfr14        00000
__Lsfr15                                  sfr15        00000
__Lsfr16                                  sfr16        00000
__Lsfr17                                  sfr17        00000
__Lsfr18                                  sfr18        00000
__Lsfr19                                  sfr19        00000
__Lsfr2                                   sfr2         00000
__Lsfr20                                  sfr20        00000
__Lsfr21                                  sfr21        00000
__Lsfr22                                  sfr22        00000
__Lsfr23                                  sfr23        00000
__Lsfr24                                  sfr24        00000
__Lsfr25                                  sfr25        00000
__Lsfr26                                  sfr26        00000
__Lsfr27                                  sfr27        00000
__Lsfr28                                  sfr28        00000
__Lsfr29                                  sfr29        00000
__Lsfr3                                   sfr3         00000
__Lsfr30                                  sfr30        00000
__Lsfr31                                  sfr31        00000
__Lsfr4                                   sfr4         00000
__Lsfr5                                   sfr5         00000
__Lsfr6                                   sfr6         00000
__Lsfr7                                   sfr7         00000
__Lsfr8                                   sfr8         00000
__Lsfr9                                   sfr9         00000
__Lspace_0                                (abs)        00000
__Lspace_1                                (abs)        00000
__Lspace_2                                (abs)        00000
__Lspace_3                                (abs)        00000
__Lstack                                  stack        00000
__Lstrings                                strings      00000
__Ltext                                   text         00000
__S0                                      (abs)        08009
__S1                                      (abs)        001C5
__S2                                      (abs)        00000
__S3                                      (abs)        00000
___aldiv                                  text22       01443
___aldiv@counter                          cstackBANK1  000B5
___aldiv@dividend                         cstackBANK1  000B0
___aldiv@divisor                          cstackBANK1  000AC
___aldiv@quotient                         cstackBANK1  000B7
___aldiv@sign                             cstackBANK1  000B6
___almod                                  text21       0117C
___almod@counter                          cstackBANK1  000B5
___almod@dividend                         cstackBANK1  000B0
___almod@divisor                          cstackBANK1  000AC
___almod@sign                             cstackBANK1  000B6
___awdiv                                  text28       01D1C
___awdiv@counter                          cstackBANK1  000AE
___awdiv@dividend                         cstackBANK1  000AB
___awdiv@divisor                          cstackBANK1  000A9
___awdiv@quotient                         cstackBANK1  000B0
___awdiv@sign                             cstackBANK1  000AF
___ftadd                                  text36       003CB
___ftadd@exp1                             cstackBANK1  000B7
___ftadd@exp2                             cstackBANK1  000B6
___ftadd@f1                               cstackBANK1  000AB
___ftadd@f2                               cstackBANK1  000AE
___ftadd@sign                             cstackBANK1  000B5
___ftdiv                                  text35       008C3
___ftdiv@cntr                             cstackBANK1  000BD
___ftdiv@exp                              cstackBANK1  000C1
___ftdiv@f1                               cstackBANK1  000B6
___ftdiv@f2                               cstackBANK1  000B3
___ftdiv@f3                               cstackBANK1  000BE
___ftdiv@sign                             cstackBANK1  000C2
___ftge                                   text34       01B75
___ftge@ff1                               cstackBANK1  000C3
___ftge@ff2                               cstackBANK1  000C6
___ftmul                                  text89       0096C
___ftmul@cntr                             cstackBANK0  00032
___ftmul@exp                              cstackBANK0  0002E
___ftmul@f1                               cstackBANK0  00024
___ftmul@f2                               cstackBANK0  00027
___ftmul@f3_as_product                    cstackBANK0  0002F
___ftmul@sign                             cstackBANK0  00033
___ftneg                                  text66       025E7
___ftneg@f1                               cstackBANK0  00034
___ftpack                                 text37       01F9F
___ftpack@arg                             cstackBANK1  000A3
___ftpack@exp                             cstackBANK1  000A6
___ftpack@sign                            cstackBANK1  000A7
___fttol                                  text88       015CF
___fttol@exp1                             cstackBANK0  00061
___fttol@f1                               cstackBANK0  00054
___fttol@lval                             cstackBANK0  0005D
___fttol@sign1                            cstackBANK0  0005C
___int_sp                                 stack        00000
___latbits                                (abs)        00003
___lbdiv                                  text12       0186C
___lbdiv@counter                          cstackBANK1  000A6
___lbdiv@dividend                         cstackBANK1  000A5
___lbdiv@divisor                          cstackBANK1  000A3
___lbdiv@quotient                         cstackBANK1  000A7
___lbtoft                                 text33       0272E
___lbtoft@c                               cstackBANK1  000B2
___ltdiv                                  text50       01C34
___ltdiv@counter                          cstackCOMMON 0007A
___ltdiv@dividend                         cstackCOMMON 00073
___ltdiv@divisor                          cstackCOMMON 00070
___ltdiv@quotient                         cstackCOMMON 00077
___lttoft                                 text98       02642
___lttoft@c                               cstackCOMMON 00078
___lwdiv                                  text87       01AC7
___lwdiv@counter                          cstackCOMMON 00077
___lwdiv@dividend                         cstackCOMMON 00072
___lwdiv@divisor                          cstackCOMMON 00070
___lwdiv@quotient                         cstackCOMMON 00075
___lwtoft                                 text32       02656
___lwtoft@c                               cstackBANK1  000AB
___sp                                     stack        00000
___tmul                                   text20       018FF
___tmul@multiplicand                      cstackBANK1  000A6
___tmul@multiplier                        cstackBANK1  000A3
___tmul@product                           cstackBANK1  000A9
___wmul                                   text27       02782
___wmul@multiplicand                      cstackBANK1  000A5
___wmul@multiplier                        cstackBANK1  000A3
___wmul@product                           cstackBANK1  000A7
__end_of_DS2740_communication             text70       00292
__end_of_Initialization_DS2740            text13       02699
__end_of___aldiv                          text22       014C5
__end_of___almod                          text21       011EA
__end_of___awdiv                          text28       01D70
__end_of___ftadd                          text36       004C1
__end_of___ftdiv                          text35       0096C
__end_of___ftge                           text34       01BB1
__end_of___ftmul                          text89       00A20
__end_of___ftneg                          text66       025F0
__end_of___ftpack                         text37       02000
__end_of___fttol                          text88       01656
__end_of___lbdiv                          text12       0188E
__end_of___lbtoft                         text33       02749
__end_of___ltdiv                          text50       01C78
__end_of___lttoft                         text98       02656
__end_of___lwdiv                          text87       01AFD
__end_of___lwtoft                         text32       0266B
__end_of___tmul                           text20       01926
__end_of___wmul                           text27       027A0
__end_of__initialization                  cinit        00110
__end_of_all_leds_zero                    text57       01B39
__end_of_calculate_DS2740                 text85       01800
__end_of_change_bin_to_dec                text84       013C1
__end_of_change_dec_to_ascii_send_data    text19       00AD6
__end_of_colder                           text17       0103D
__end_of_command_adress_0xCC              text8        0182C
__end_of_control_Peltier                  text29       0125A
__end_of_cool_Peltier                     text31       016DD
__end_of_count_leds_accumulator           text95       01C34
__end_of_count_leds_temperature           text25       00760
__end_of_delay_10us                       text11       02614
__end_of_delay_200ms                      text24       0272E
__end_of_delay_450us                      text16       025F9
__end_of_delay_50ms                       text23       0081A
__end_of_delay_720us                      text15       02602
__end_of_delay_80us                       text14       0260B
__end_of_delay_90us                       text10       0180C
__end_of_flash_led_accumulator            text96       01AC7
__end_of_function_command_read_Data       text83       027C0
__end_of_function_command_write_Data      text7        0184C
__end_of_heat_Peltier                     text30       01764
__end_of_init                             text2        00D03
__end_of_isr                              intentry     000DF
__end_of_load_value_accumulator           text97       01000
__end_of_load_value_temperature           text26       00E7B
__end_of_main                             maintext     019D2
__end_of_overwrite_DS2740                 text90       019A5
__end_of_overwrite_memory_adress_0x10     text6        01A30
__end_of_power_button_debounce            text69       01A61
__end_of_read                             text82       026E0
__end_of_read_EEPROM_logo_leds_on         text5        02621
__end_of_read_data_DS2740                 text74       026FA
__end_of_read_every_ADC                   text59       01CC8
__end_of_read_is1                         text68       01E81
__end_of_read_is2                         text67       01EE0
__end_of_read_liquid_temperature_sensor1  text65       00B8F
__end_of_read_liquid_temperature_sensor2  text64       00C48
__end_of_read_memory_adress_0x0E          text81       010A5
__end_of_read_outside_temperature         text63       0110E
__end_of_read_peltier_element_1           text62       01DC9
__end_of_read_peltier_element_2           text61       01E22
__end_of_read_pumpe                       text60       01F3F
__end_of_restart_system                   text51       018D9
__end_of_select_memory_adress_0x0E        text80       027E0
__end_of_select_memory_adress_0x10        text4        0186C
__end_of_send_out_data                    text45       003CB
__end_of_send_out_set_temperature_liquid  text18       02765
__end_of_show_button_debounce             text44       01A92
__end_of_system_low_power_consumption     text3        0197A
__end_of_system_normal_power_consumption  text52       01345
__end_of_update_leds_logo                 text56       00800
__end_of_warmer                           text1        01BF0
__end_of_write                            text9        026B0
__end_ofi1_Initialization_DS2740          text76       02682
__end_ofi1___aldiv                        text49       01443
__end_ofi1___almod                        text48       0117C
__end_ofi1___awdiv                        text55       01D1C
__end_ofi1___ftadd                        text73       005B7
__end_ofi1___ftdiv                        text72       008C3
__end_ofi1___ftge                         text43       01B75
__end_ofi1___ftpack                       text99       01F9F
__end_ofi1___lbtoft                       text71       02714
__end_ofi1___lwtoft                       text86       02642
__end_ofi1___tmul                         text47       018FF
__end_ofi1___wmul                         text54       02782
__end_ofi1_change_dec_to_ascii_send_data  text46       00F3D
__end_ofi1_command_adress_0xCC            text75       02800
__end_ofi1_control_Peltier                text40       012CB
__end_ofi1_cool_Peltier                   text42       0154A
__end_ofi1_count_leds_temperature         text53       00698
__end_ofi1_delay_10us                     text94       025C3
__end_ofi1_delay_450us                    text79       025D5
__end_ofi1_delay_720us                    text78       025DE
__end_ofi1_delay_80us                     text77       025E7
__end_ofi1_delay_90us                     text93       025CC
__end_ofi1_heat_Peltier                   text41       015CF
__end_ofi1_load_value_temperature         text58       00DBF
__end_ofi1_overwrite_memory_adress_0x10   text91       01A01
__end_ofi1_system_low_power_consumption   text39       01950
__end_ofi1_write                          text92       026C8
__initialization                          cinit        000E1
__pbssBANK1                               bssBANK1     000CD
__pbssBANK2                               bssBANK2     00120
__pbssBANK3                               bssBANK3     001A0
__pcstackBANK0                            cstackBANK0  00020
__pcstackBANK1                            cstackBANK1  000A0
__pcstackBANK3                            cstackBANK3  001C0
__pcstackCOMMON                           cstackCOMMON 00070
__pdataBANK1                              dataBANK1    000DD
__pdataBANK2                              dataBANK2    00147
__pidataBANK1                             idataBANK1   02621
__pidataBANK2                             idataBANK2   0188E
__pintentry                               intentry     00004
__pmaintext                               maintext     019A5
__ptext1                                  text1        01BB1
__ptext10                                 text10       01803
__ptext11                                 text11       0260B
__ptext12                                 text12       0186C
__ptext13                                 text13       02682
__ptext14                                 text14       02602
__ptext15                                 text15       025F9
__ptext16                                 text16       025F0
__ptext17                                 text17       01000
__ptext18                                 text18       02749
__ptext19                                 text19       00A20
__ptext2                                  text2        00C48
__ptext20                                 text20       018FF
__ptext21                                 text21       0117C
__ptext22                                 text22       01443
__ptext23                                 text23       00800
__ptext24                                 text24       02714
__ptext25                                 text25       00698
__ptext26                                 text26       00DBF
__ptext27                                 text27       02782
__ptext28                                 text28       01D1C
__ptext29                                 text29       011EA
__ptext3                                  text3        01950
__ptext30                                 text30       016DD
__ptext31                                 text31       01656
__ptext32                                 text32       02656
__ptext33                                 text33       0272E
__ptext34                                 text34       01B75
__ptext35                                 text35       008C3
__ptext36                                 text36       003CB
__ptext37                                 text37       01F9F
__ptext39                                 text39       01926
__ptext4                                  text4        0184C
__ptext40                                 text40       0125A
__ptext41                                 text41       0154A
__ptext42                                 text42       014C5
__ptext43                                 text43       01B39
__ptext44                                 text44       01A61
__ptext45                                 text45       00292
__ptext46                                 text46       00E7B
__ptext47                                 text47       018D9
__ptext48                                 text48       0110E
__ptext49                                 text49       013C1
__ptext5                                  text5        02614
__ptext50                                 text50       01C34
__ptext51                                 text51       018B3
__ptext52                                 text52       012CB
__ptext53                                 text53       005B7
__ptext54                                 text54       02765
__ptext55                                 text55       01CC8
[...]
 This function calls:
		Nothing
 This function is called by:
		_read
		i1_write
 This function uses a non-reentrant model


 *************** function i1_delay_10us *****************
 Defined at:
		line 16 in file "Software_Timer_V2.c"
 Parameters:    Size  Location     Type
		None
 Auto vars:     Size  Location     Type
		None
 Return value:  Size  Location     Type
		None               void
 Registers used:
		None
 Tracked objects:
		On entry : 
		On exit  : 
		Unchanged: 
 Data sizes:     COMMON   BANK0   BANK1   BANK2   BANK3   BANK4   BANK5   BANK6   BANK7   BANK8   BANK9  BANK10  BANK11  BANK12  BANK13  BANK14  BANK15  BANK16  BANK17  BANK18  BANK19  BANK20  BANK21  BANK22  BANK23  BANK24  BANK25
      Params:         0       0       0       0       0       0       0       0       0       0       0       0       0       0       0       0       0       0       0       0       0       0       0       0       0       0       0
      Locals:         0       0       0       0       0       0       0       0       0       0       0       0       0       0       0       0       0       0       0       0       0       0       0       0       0       0       0
      Temps:          0       0       0       0       0       0       0       0       0       0       0       0       0       0       0       0       0       0       0       0       0       0       0       0       0       0       0
      Totals:         0       0       0       0       0       0       0       0       0       0       0       0       0       0       0       0       0       0       0       0       0       0       0       0       0       0       0
Total ram usage:        0 bytes
 Hardware stack levels used:    1
 This function calls:
		Nothing
 This function is called by:
		i1_write
 This function uses a non-reentrant model


 *************** function _count_leds_accumulator *****************
 Defined at:
		line 43 in file "WS2812_V3.c"
 Parameters:    Size  Location     Type
		None
 Auto vars:     Size  Location     Type
		None
 Return value:  Size  Location     Type
		None               void
 Registers used:
		wreg, status,2, status,0, pclath, cstack
 Tracked objects:
		On entry : 
		On exit  : 
		Unchanged: 
 Data sizes:     COMMON   BANK0   BANK1   BANK2   BANK3   BANK4   BANK5   BANK6   BANK7   BANK8   BANK9  BANK10  BANK11  BANK12  BANK13  BANK14  BANK15  BANK16  BANK17  BANK18  BANK19  BANK20  BANK21  BANK22  BANK23  BANK24  BANK25
      Params:         0       0       0       0       0       0       0       0       0       0       0       0       0       0       0       0       0       0       0       0       0       0       0       0       0       0       0
      Locals:         0       0       0       0       0       0       0       0       0       0       0       0       0       0       0       0       0       0       0       0       0       0       0       0       0       0       0
      Temps:          1       0       0       0       0       0       0       0       0       0       0       0       0       0       0       0       0       0       0       0       0       0       0       0       0       0       0
      Totals:         1       0       0       0       0       0       0       0       0       0       0       0       0       0       0       0       0       0       0       0       0       0       0       0       0       0       0
Total ram usage:        1 bytes
 Hardware stack levels used:    1
 Hardware stack levels required when called:    2
 This function calls:
		_flash_led_accumulator
		_load_value_accumulator
 This function is called by:
		_DS2740_communication
		_system_normal_power_consumption
		_isr
 This function uses a non-reentrant model


 *************** function _flash_led_accumulator *****************
 Defined at:
		line 173 in file "WS2812_V3.c"
 Parameters:    Size  Location     Type
		None
 Auto vars:     Size  Location     Type
		None
 Return value:  Size  Location     Type
		None               void
 Registers used:
		wreg, status,2, status,0, pclath, cstack
 Tracked objects:
		On entry : 
		On exit  : 
		Unchanged: 
 Data sizes:     COMMON   BANK0   BANK1   BANK2   BANK3   BANK4   BANK5   BANK6   BANK7   BANK8   BANK9  BANK10  BANK11  BANK12  BANK13  BANK14  BANK15  BANK16  BANK17  BANK18  BANK19  BANK20  BANK21  BANK22  BANK23  BANK24  BANK25
      Params:         0       0       0       0       0       0       0       0       0       0       0       0       0       0       0       0       0       0       0       0       0       0       0       0       0       0       0
      Locals:         0       0       0       0       0       0       0       0       0       0       0       0       0       0       0       0       0       0       0       0       0       0       0       0       0       0       0
      Temps:          1       0       0       0       0       0       0       0       0       0       0       0       0       0       0       0       0       0       0       0       0       0       0       0       0       0       0
      Totals:         1       0       0       0       0       0       0       0       0       0       0       0       0       0       0       0       0       0       0       0       0       0       0       0       0       0       0
Total ram usage:        1 bytes
 Hardware stack levels used:    1
 Hardware stack levels required when called:    1
 This function calls:
		_load_value_accumulator
 This function is called by:
		_count_leds_accumulator
 This function uses a non-reentrant model


 *************** function _load_value_accumulator *****************
 Defined at:
		line 76 in file "WS2812_V3.c"
 Parameters:    Size  Location     Type
		None
 Auto vars:     Size  Location     Type
		None
 Return value:  Size  Location     Type
		None               void
 Registers used:
		wreg, status,2, status,0
 Tracked objects:
		On entry : 
		On exit  : 
		Unchanged: 
 Data sizes:     COMMON   BANK0   BANK1   BANK2   BANK3   BANK4   BANK5   BANK6   BANK7   BANK8   BANK9  BANK10  BANK11  BANK12  BANK13  BANK14  BANK15  BANK16  BANK17  BANK18  BANK19  BANK20  BANK21  BANK22  BANK23  BANK24  BANK25
      Params:         0       0       0       0       0       0       0       0       0       0       0       0       0       0       0       0       0       0       0       0       0       0       0       0       0       0       0
      Locals:         0       0       0       0       0       0       0       0       0       0       0       0       0       0       0       0       0       0       0       0       0       0       0       0       0       0       0
      Temps:          1       0       0       0       0       0       0       0       0       0       0       0       0       0       0       0       0       0       0       0       0       0       0       0       0       0       0
      Totals:         1       0       0       0       0       0       0       0       0       0       0       0       0       0       0       0       0       0       0       0       0       0       0       0       0       0       0
Total ram usage:        1 bytes
 Hardware stack levels used:    1
 This function calls:
		Nothing
 This function is called by:
		_all_leds_zero
		_count_leds_accumulator
		_flash_led_accumulator
 This function uses a non-reentrant model


 *************** function ___lttoft *****************
 Defined at:
		line 30 in file "C:\Program Files (x86)\Microchip\xc8\v1.32\sources\common\lttoft.c"
 Parameters:    Size  Location     Type
  c               3    8[COMMON] unsigned um
 Auto vars:     Size  Location     Type
		None
 Return value:  Size  Location     Type
                  3    8[COMMON] float 
 Registers used:
		wreg, status,2, status,0, pclath, cstack
 Tracked objects:
		On entry : 
		On exit  : 
		Unchanged: 
 Data sizes:     COMMON   BANK0   BANK1   BANK2   BANK3   BANK4   BANK5   BANK6   BANK7   BANK8   BANK9  BANK10  BANK11  BANK12  BANK13  BANK14  BANK15  BANK16  BANK17  BANK18  BANK19  BANK20  BANK21  BANK22  BANK23  BANK24  BANK25
      Params:         3       0       0       0       0       0       0       0       0       0       0       0       0       0       0       0       0       0       0       0       0       0       0       0       0       0       0
      Locals:         0       0       0       0       0       0       0       0       0       0       0       0       0       0       0       0       0       0       0       0       0       0       0       0       0       0       0
      Temps:          1       0       0       0       0       0       0       0       0       0       0       0       0       0       0       0       0       0       0       0       0       0       0       0       0       0       0
      Totals:         4       0       0       0       0       0       0       0       0       0       0       0       0       0       0       0       0       0       0       0       0       0       0       0       0       0       0
Total ram usage:        4 bytes
 Hardware stack levels used:    1
 Hardware stack levels required when called:    1
 This function calls:
		i1___ftpack
 This function is called by:
		_DS2740_communication
 This function uses a non-reentrant model


 *************** function i1___ftpack *****************
 Defined at:
		line 62 in file "C:\Program Files (x86)\Microchip\xc8\v1.32\sources\common\float.c"
 Parameters:    Size  Location     Type
  arg             3    0[COMMON] unsigned um
  exp             1    3[COMMON] unsigned char 
  sign            1    4[COMMON] unsigned char 
 Auto vars:     Size  Location     Type
		None
 Return value:  Size  Location     Type
                  3    0[COMMON] float 
 Registers used:
		wreg, status,2, status,0
 Tracked objects:
		On entry : 
		On exit  : 
		Unchanged: 
 Data sizes:     COMMON   BANK0   BANK1   BANK2   BANK3   BANK4   BANK5   BANK6   BANK7   BANK8   BANK9  BANK10  BANK11  BANK12  BANK13  BANK14  BANK15  BANK16  BANK17  BANK18  BANK19  BANK20  BANK21  BANK22  BANK23  BANK24  BANK25
      Params:         5       0       0       0       0       0       0       0       0       0       0       0       0       0       0       0       0       0       0       0       0       0       0       0       0       0       0
      Locals:         0       0       0       0       0       0       0       0       0       0       0       0       0       0       0       0       0       0       0       0       0       0       0       0       0       0       0
      Temps:          3       0       0       0       0       0       0       0       0       0       0       0       0       0       0       0       0       0       0       0       0       0       0       0       0       0       0
      Totals:         8       0       0       0       0       0       0       0       0       0       0       0       0       0       0       0       0       0       0       0       0       0       0       0       0       0       0
Total ram usage:        8 bytes
 Hardware stack levels used:    1
 This function calls:
		Nothing
 This function is called by:
		___ftmul
		___lttoft
		i1___ftadd
		i1___ftdiv
		i1___lbtoft
		i1___lwtoft
 This function uses a non-reentrant model



MODULE INFORMATION

Module		Function		Class		Link	Load	Size
C:\Program Files (x86)\Microchip\xc8\v1.32\sources\common\float.c
		___ftpack      		CODE           	1F9F	0000	97

C:\Program Files (x86)\Microchip\xc8\v1.32\sources\common\float.c estimated size: 97

C:\Program Files (x86)\Microchip\xc8\v1.32\sources\common\lbtoft.c
		___lbtoft      		CODE           	272E	0000	27

C:\Program Files (x86)\Microchip\xc8\v1.32\sources\common\lbtoft.c estimated size: 27

C:\Program Files (x86)\Microchip\xc8\v1.32\sources\common\ftmul.c
		___ftmul       		CODE           	096C	0000	180

C:\Program Files (x86)\Microchip\xc8\v1.32\sources\common\ftmul.c estimated size: 180

DS2740_V2.c
		_function_comma		CODE           	182C	0000	32
		_DS2740_communi		CODE           	0114	0000	382
		_read_memory_ad		CODE           	103D	0000	104
		_read          		CODE           	26C8	0000	24
		_read_data_DS27		CODE           	26E0	0000	26
		_function_comma		CODE           	27A0	0000	32
		_command_adress		CODE           	180C	0000	32
		_overwrite_memo		CODE           	1A01	0000	47
		_Initialization		CODE           	2682	0000	23
		_overwrite_DS27		CODE           	197A	0000	43
		_write         		CODE           	2699	0000	23
		_select_memory_		CODE           	184C	0000	32
		_select_memory_		CODE           	27C0	0000	32

DS2740_V2.c estimated size: 832

C:\Program Files (x86)\Microchip\xc8\v1.32\sources\common\almod.c
		___almod       		CODE           	117C	0000	110

C:\Program Files (x86)\Microchip\xc8\v1.32\sources\common\almod.c estimated size: 110

C:\Program Files (x86)\Microchip\xc8\v1.32\sources\common\Umul24.c
		___tmul        		CODE           	18FF	0000	39

C:\Program Files (x86)\Microchip\xc8\v1.32\sources\common\Umul24.c estimated size: 39

C:\Program Files (x86)\Microchip\xc8\v1.32\sources\common\ftge.c
		___ftge        		CODE           	1B75	0000	60

C:\Program Files (x86)\Microchip\xc8\v1.32\sources\common\ftge.c estimated size: 60

C:\Program Files (x86)\Microchip\xc8\v1.32\sources\common\fttol.c
		___fttol       		CODE           	15CF	0000	135

C:\Program Files (x86)\Microchip\xc8\v1.32\sources\common\fttol.c estimated size: 135

calculations_V2.c
		_calculate_DS27		CODE           	1764	0000	156
		_change_bin_to_		CODE           	1345	0000	124

calculations_V2.c estimated size: 280

init_V2.c
		_init          		CODE           	0C48	0000	187

init_V2.c estimated size: 187

C:\Program Files (x86)\Microchip\xc8\v1.32\sources\common\lwdiv.c
		___lwdiv       		CODE           	1AC7	0000	54

C:\Program Files (x86)\Microchip\xc8\v1.32\sources\common\lwdiv.c estimated size: 54

C:\Program Files (x86)\Microchip\xc8\v1.32\sources\common\awdiv.c
		___awdiv       		CODE           	1D1C	0000	84

C:\Program Files (x86)\Microchip\xc8\v1.32\sources\common\awdiv.c estimated size: 84

C:\Program Files (x86)\Microchip\xc8\v1.32\sources\common\ftadd.c
		___ftadd       		CODE           	03CB	0000	246

C:\Program Files (x86)\Microchip\xc8\v1.32\sources\common\ftadd.c estimated size: 246

Software_Timer_V2.c
		_delay_90us    		CODE           	1803	0000	9
		_delay_200ms   		CODE           	2714	0000	26
		_delay_50ms    		CODE           	0800	0000	26
		_delay_80us    		CODE           	2602	0000	9
		_delay_10us    		CODE           	260B	0000	9
		_delay_450us   		CODE           	25F0	0000	9
		_delay_720us   		CODE           	25F9	0000	9

Software_Timer_V2.c estimated size: 97

C:\Program Files (x86)\Microchip\xc8\v1.32\sources\common\aldiv.c
		___aldiv       		CODE           	1443	0000	130

C:\Program Files (x86)\Microchip\xc8\v1.32\sources\common\aldiv.c estimated size: 130

WS2812_V3.c
		_flash_led_accu		CODE           	1A92	0000	53
		_count_leds_acc		CODE           	1BF0	0000	68
		_load_value_acc		CODE           	0F3D	0000	195
		_all_leds_zero 		CODE           	1AFD	0000	60
		_update_leds_lo		CODE           	0760	0000	160
		_count_leds_tem		CODE           	0698	0000	200
		_load_value_tem		CODE           	0DBF	0000	188

WS2812_V3.c estimated size: 924

C:\Program Files (x86)\Microchip\xc8\v1.32\sources\common\Umul16.c
		___wmul        		CODE           	2782	0000	30

C:\Program Files (x86)\Microchip\xc8\v1.32\sources\common\Umul16.c estimated size: 30

bluetooth_communication_V2.c
		_change_dec_to_		CODE           	0A20	0000	182
		_send_out_set_t		CODE           	2749	0000	28
		_send_out_data 		CODE           	0292	0000	313

bluetooth_communication_V2.c estimated size: 523

EEPROM.c
		_read_EEPROM_lo		CODE           	2614	0000	13

EEPROM.c estimated size: 13

C:\Program Files (x86)\Microchip\xc8\v1.32\sources\common\ltdiv.c
		___ltdiv       		CODE           	1C34	0000	68

C:\Program Files (x86)\Microchip\xc8\v1.32\sources\common\ltdiv.c estimated size: 68

shared
		i1___lbtoft    		CODE           	26FA	0000	26
		i1_write       		CODE           	26B0	0000	24
		i1_heat_Peltier		CODE           	154A	0000	133
		i1_control_Pelt		CODE           	125A	0000	113
		i1___ftadd     		CODE           	04C1	0000	246
		i1_command_adre		CODE           	27E0	0000	32
		i1___ftdiv     		CODE           	081A	0000	169
		i1___ftge      		CODE           	1B39	0000	60
		i1___lwtoft    		CODE           	262F	0000	19
		i1___awdiv     		CODE           	1CC8	0000	84
		i1_cool_Peltier		CODE           	14C5	0000	133
		i1_Initializati		CODE           	266B	0000	23
		i1___wmul      		CODE           	2765	0000	29
		i1___ftpack    		CODE           	1F3F	0000	96
		__initializatio		CODE           	00E1	0000	47
		i1_overwrite_me		CODE           	19D2	0000	47
		i1_change_dec_t		CODE           	0E7B	0000	194
		i1___aldiv     		CODE           	13C1	0000	130
		i1_count_leds_t		CODE           	05B7	0000	225
		i1_load_value_t		CODE           	0D03	0000	188
		i1___almod     		CODE           	110E	0000	110
		i1___tmul      		CODE           	18D9	0000	38
		i1_system_low_p		CODE           	1926	0000	42
		i1_delay_10us  		CODE           	25BA	0000	9
		i1_delay_80us  		CODE           	25DE	0000	9
		i1_delay_90us  		CODE           	25C3	0000	9
		i1_delay_720us 		CODE           	25D5	0000	9
		i1_delay_450us 		CODE           	25CC	0000	9

shared estimated size: 2253

Interrupt.c
		_system_normal_		CODE           	12CB	0000	122
		_restart_system		CODE           	18B3	0000	38
		_power_button_d		CODE           	1A30	0000	49
		_isr           		CODE           	0004	0000	219
		_system_low_pow		CODE           	1950	0000	42
		_show_button_de		CODE           	1A61	0000	49

Interrupt.c estimated size: 519

C:\Program Files (x86)\Microchip\xc8\v1.32\sources\common\ftneg.c
		___ftneg       		CODE           	25E7	0000	9

C:\Program Files (x86)\Microchip\xc8\v1.32\sources\common\ftneg.c estimated size: 9

C:\Program Files (x86)\Microchip\xc8\v1.32\sources\common\lbdiv.c
		___lbdiv       		CODE           	186C	0000	34

C:\Program Files (x86)\Microchip\xc8\v1.32\sources\common\lbdiv.c estimated size: 34

Peltier_controlling_V2.c
		_control_Peltie		CODE           	11EA	0000	112
		_heat_Peltier  		CODE           	16DD	0000	135
		_cool_Peltier  		CODE           	1656	0000	135

Peltier_controlling_V2.c estimated size: 382

C:\Program Files (x86)\Microchip\xc8\v1.32\sources\common\lttoft.c
		___lttoft      		CODE           	2642	0000	20

C:\Program Files (x86)\Microchip\xc8\v1.32\sources\common\lttoft.c estimated size: 20

button_subroutines_V2.c
		_warmer        		CODE           	1BB1	0000	63
		_colder        		CODE           	1000	0000	61

button_subroutines_V2.c estimated size: 124

C:\Program Files (x86)\Microchip\xc8\v1.32\sources\pic\ftdiv.c
		___ftdiv       		CODE           	08C3	0000	169

C:\Program Files (x86)\Microchip\xc8\v1.32\sources\pic\ftdiv.c estimated size: 169

Gesamt_FW_V2.c
		_main          		CODE           	19A5	0000	45

Gesamt_FW_V2.c estimated size: 45

ADC_conversion.c
		_read_liquid_te		CODE           	0AD6	0000	185
		_read_liquid_te		CODE           	0B8F	0000	185
		_read_peltier_e		CODE           	1DC9	0000	89
		_read_pumpe    		CODE           	1EE0	0000	95
		_read_outside_t		CODE           	10A5	0000	105
		_read_every_ADC		CODE           	1C78	0000	80
		_read_is1      		CODE           	1E22	0000	95
		_read_is2      		CODE           	1E81	0000	95
		_read_peltier_e		CODE           	1D70	0000	89

ADC_conversion.c estimated size: 1018

C:\Program Files (x86)\Microchip\xc8\v1.32\sources\common\lwtoft.c
		___lwtoft      		CODE           	2656	0000	21

C:\Program Files (x86)\Microchip\xc8\v1.32\sources\common\lwtoft.c estimated size: 21

